Aug 22 22:43:37 ip-172-31-7-134 kernel: Linux version 4.14.287-215.504.amzn2.x86_64 (mockbuild@ip-10-0-33-205) (gcc version 7.3.1 20180712 (Red Hat 7.3.1-13) (GCC)) #1 SMP Wed Jul 13 21:34:43 UTC 2022
Aug 22 22:43:37 ip-172-31-7-134 kernel: Command line: BOOT_IMAGE=/boot/vmlinuz-4.14.287-215.504.amzn2.x86_64 root=UUID=06c191ec-9134-4fcc-a1d8-f4fe9d9daae0 ro console=tty0 console=ttyS0,115200n8 net.ifnames=0 biosdevname=0 nvme_core.io_timeout=4294967295 rd.emergency=poweroff rd.shell=0
Aug 22 22:43:37 ip-172-31-7-134 kernel: x86/fpu: Supporting XSAVE feature 0x001: 'x87 floating point registers'
Aug 22 22:43:37 ip-172-31-7-134 kernel: x86/fpu: Supporting XSAVE feature 0x002: 'SSE registers'
Aug 22 22:43:37 ip-172-31-7-134 kernel: x86/fpu: Supporting XSAVE feature 0x004: 'AVX registers'
Aug 22 22:43:37 ip-172-31-7-134 kernel: x86/fpu: xstate_offset[2]:  576, xstate_sizes[2]:  256
Aug 22 22:43:37 ip-172-31-7-134 kernel: x86/fpu: Enabled xstate features 0x7, context size is 832 bytes, using 'standard' format.
Aug 22 22:43:37 ip-172-31-7-134 kernel: e820: BIOS-provided physical RAM map:
Aug 22 22:43:37 ip-172-31-7-134 kernel: BIOS-e820: [mem 0x0000000000000000-0x000000000009dfff] usable
Aug 22 22:43:37 ip-172-31-7-134 kernel: BIOS-e820: [mem 0x000000000009e000-0x000000000009ffff] reserved
Aug 22 22:43:37 ip-172-31-7-134 kernel: BIOS-e820: [mem 0x00000000000e0000-0x00000000000fffff] reserved
Aug 22 22:43:37 ip-172-31-7-134 kernel: BIOS-e820: [mem 0x0000000000100000-0x000000003fffffff] usable
Aug 22 22:43:37 ip-172-31-7-134 kernel: BIOS-e820: [mem 0x00000000fc000000-0x00000000ffffffff] reserved
Aug 22 22:43:37 ip-172-31-7-134 kernel: NX (Execute Disable) protection: active
Aug 22 22:43:37 ip-172-31-7-134 kernel: SMBIOS 2.7 present.
Aug 22 22:43:37 ip-172-31-7-134 kernel: DMI: Xen HVM domU, BIOS 4.11.amazon 08/24/2006
Aug 22 22:43:37 ip-172-31-7-134 kernel: Hypervisor detected: Xen HVM
Aug 22 22:43:37 ip-172-31-7-134 kernel: Xen version 4.11.
Aug 22 22:43:37 ip-172-31-7-134 kernel: Netfront and the Xen platform PCI driver have been compiled for this kernel: unplug emulated NICs.
Aug 22 22:43:37 ip-172-31-7-134 kernel: Blkfront and the Xen platform PCI driver have been compiled for this kernel: unplug emulated disks.#012You might have to change the root device#012from /dev/hd[a-d] to /dev/xvd[a-d]#012in your root= kernel command line option
Aug 22 22:43:37 ip-172-31-7-134 kernel: tsc: Fast TSC calibration using PIT
Aug 22 22:43:37 ip-172-31-7-134 kernel: e820: last_pfn = 0x40000 max_arch_pfn = 0x400000000
Aug 22 22:43:37 ip-172-31-7-134 kernel: x86/PAT: Configuration [0-7]: WB  WC  UC- UC  WB  WP  UC- WT  
Aug 22 22:43:37 ip-172-31-7-134 kernel: found SMP MP-table at [mem 0x000fb9a0-0x000fb9af]
Aug 22 22:43:37 ip-172-31-7-134 kernel: Scanning 1 areas for low memory corruption
Aug 22 22:43:37 ip-172-31-7-134 kernel: RAMDISK: [mem 0x36bb3000-0x375d0fff]
Aug 22 22:43:37 ip-172-31-7-134 kernel: ACPI: Early table checksum verification disabled
Aug 22 22:43:37 ip-172-31-7-134 kernel: ACPI: RSDP 0x00000000000EA020 000024 (v02 Xen   )
Aug 22 22:43:37 ip-172-31-7-134 kernel: ACPI: XSDT 0x00000000FC00C780 000054 (v01 Xen    HVM      00000000 HVML 00000000)
Aug 22 22:43:37 ip-172-31-7-134 kernel: ACPI: FACP 0x00000000FC00C440 0000F4 (v04 Xen    HVM      00000000 HVML 00000000)
Aug 22 22:43:37 ip-172-31-7-134 kernel: ACPI: DSDT 0x00000000FC003940 008A7E (v02 Xen    HVM      00000000 INTL 20090123)
Aug 22 22:43:37 ip-172-31-7-134 kernel: ACPI: FACS 0x00000000FC003900 000040
Aug 22 22:43:37 ip-172-31-7-134 kernel: ACPI: FACS 0x00000000FC003900 000040
Aug 22 22:43:37 ip-172-31-7-134 kernel: ACPI: APIC 0x00000000FC00C540 0000D8 (v02 Xen    HVM      00000000 HVML 00000000)
Aug 22 22:43:37 ip-172-31-7-134 kernel: ACPI: HPET 0x00000000FC00C690 000038 (v01 Xen    HVM      00000000 HVML 00000000)
Aug 22 22:43:37 ip-172-31-7-134 kernel: ACPI: WAET 0x00000000FC00C6D0 000028 (v01 Xen    HVM      00000000 HVML 00000000)
Aug 22 22:43:37 ip-172-31-7-134 kernel: ACPI: SSDT 0x00000000FC00C700 000031 (v02 Xen    HVM      00000000 INTL 20090123)
Aug 22 22:43:37 ip-172-31-7-134 kernel: ACPI: SSDT 0x00000000FC00C740 000033 (v02 Xen    HVM      00000000 INTL 20090123)
Aug 22 22:43:37 ip-172-31-7-134 kernel: ACPI: Reserving FACP table memory at [mem 0xfc00c440-0xfc00c533]
Aug 22 22:43:37 ip-172-31-7-134 kernel: ACPI: Reserving DSDT table memory at [mem 0xfc003940-0xfc00c3bd]
Aug 22 22:43:37 ip-172-31-7-134 kernel: ACPI: Reserving FACS table memory at [mem 0xfc003900-0xfc00393f]
Aug 22 22:43:37 ip-172-31-7-134 kernel: ACPI: Reserving FACS table memory at [mem 0xfc003900-0xfc00393f]
Aug 22 22:43:37 ip-172-31-7-134 kernel: ACPI: Reserving APIC table memory at [mem 0xfc00c540-0xfc00c617]
Aug 22 22:43:37 ip-172-31-7-134 kernel: ACPI: Reserving HPET table memory at [mem 0xfc00c690-0xfc00c6c7]
Aug 22 22:43:37 ip-172-31-7-134 kernel: ACPI: Reserving WAET table memory at [mem 0xfc00c6d0-0xfc00c6f7]
Aug 22 22:43:37 ip-172-31-7-134 kernel: ACPI: Reserving SSDT table memory at [mem 0xfc00c700-0xfc00c730]
Aug 22 22:43:37 ip-172-31-7-134 kernel: ACPI: Reserving SSDT table memory at [mem 0xfc00c740-0xfc00c772]
Aug 22 22:43:37 ip-172-31-7-134 kernel: No NUMA configuration found
Aug 22 22:43:37 ip-172-31-7-134 kernel: Faking a node at [mem 0x0000000000000000-0x000000003fffffff]
Aug 22 22:43:37 ip-172-31-7-134 kernel: NODE_DATA(0) allocated [mem 0x3ffde000-0x3fffffff]
Aug 22 22:43:37 ip-172-31-7-134 kernel: Zone ranges:
Aug 22 22:43:37 ip-172-31-7-134 kernel:  DMA      [mem 0x0000000000001000-0x0000000000ffffff]
Aug 22 22:43:37 ip-172-31-7-134 kernel:  DMA32    [mem 0x0000000001000000-0x000000003fffffff]
Aug 22 22:43:37 ip-172-31-7-134 kernel:  Normal   empty
Aug 22 22:43:37 ip-172-31-7-134 kernel: Movable zone start for each node
Aug 22 22:43:37 ip-172-31-7-134 kernel: Early memory node ranges
Aug 22 22:43:37 ip-172-31-7-134 kernel:  node   0: [mem 0x0000000000001000-0x000000000009dfff]
Aug 22 22:43:37 ip-172-31-7-134 kernel:  node   0: [mem 0x0000000000100000-0x000000003fffffff]
Aug 22 22:43:37 ip-172-31-7-134 kernel: Initmem setup node 0 [mem 0x0000000000001000-0x000000003fffffff]
Aug 22 22:43:37 ip-172-31-7-134 kernel: ACPI: PM-Timer IO Port: 0xb008
Aug 22 22:43:37 ip-172-31-7-134 kernel: IOAPIC[0]: apic_id 1, version 17, address 0xfec00000, GSI 0-47
Aug 22 22:43:37 ip-172-31-7-134 kernel: ACPI: INT_SRC_OVR (bus 0 bus_irq 0 global_irq 2 dfl dfl)
Aug 22 22:43:37 ip-172-31-7-134 kernel: ACPI: INT_SRC_OVR (bus 0 bus_irq 5 global_irq 5 low level)
Aug 22 22:43:37 ip-172-31-7-134 kernel: ACPI: INT_SRC_OVR (bus 0 bus_irq 10 global_irq 10 low level)
Aug 22 22:43:37 ip-172-31-7-134 kernel: ACPI: INT_SRC_OVR (bus 0 bus_irq 11 global_irq 11 low level)
Aug 22 22:43:37 ip-172-31-7-134 kernel: Using ACPI (MADT) for SMP configuration information
Aug 22 22:43:37 ip-172-31-7-134 kernel: ACPI: HPET id: 0x8086a201 base: 0xfed00000
Aug 22 22:43:37 ip-172-31-7-134 kernel: TSC deadline timer available
Aug 22 22:43:37 ip-172-31-7-134 kernel: smpboot: Allowing 15 CPUs, 14 hotplug CPUs
Aug 22 22:43:37 ip-172-31-7-134 kernel: PM: Registered nosave memory: [mem 0x00000000-0x00000fff]
Aug 22 22:43:37 ip-172-31-7-134 kernel: PM: Registered nosave memory: [mem 0x0009e000-0x0009ffff]
Aug 22 22:43:37 ip-172-31-7-134 kernel: PM: Registered nosave memory: [mem 0x000a0000-0x000dffff]
Aug 22 22:43:37 ip-172-31-7-134 kernel: PM: Registered nosave memory: [mem 0x000e0000-0x000fffff]
Aug 22 22:43:37 ip-172-31-7-134 kernel: e820: [mem 0x40000000-0xfbffffff] available for PCI devices
Aug 22 22:43:37 ip-172-31-7-134 kernel: Booting paravirtualized kernel on Xen HVM
Aug 22 22:43:37 ip-172-31-7-134 kernel: clocksource: refined-jiffies: mask: 0xffffffff max_cycles: 0xffffffff, max_idle_ns: 7645519600211568 ns
Aug 22 22:43:37 ip-172-31-7-134 kernel: setup_percpu: NR_CPUS:8192 nr_cpumask_bits:15 nr_cpu_ids:15 nr_node_ids:1
Aug 22 22:43:37 ip-172-31-7-134 kernel: percpu: Embedded 49 pages/cpu s161688 r8192 d30824 u262144
Aug 22 22:43:37 ip-172-31-7-134 kernel: PV qspinlock hash table entries: 256 (order: 0, 4096 bytes)
Aug 22 22:43:37 ip-172-31-7-134 kernel: Fallback order for Node 0: 0 
Aug 22 22:43:37 ip-172-31-7-134 kernel: Built 1 zonelists, mobility grouping on.  Total pages: 257928
Aug 22 22:43:37 ip-172-31-7-134 kernel: Policy zone: DMA32
Aug 22 22:43:37 ip-172-31-7-134 kernel: Kernel command line: BOOT_IMAGE=/boot/vmlinuz-4.14.287-215.504.amzn2.x86_64 root=UUID=06c191ec-9134-4fcc-a1d8-f4fe9d9daae0 ro console=tty0 console=ttyS0,115200n8 net.ifnames=0 biosdevname=0 nvme_core.io_timeout=4294967295 rd.emergency=poweroff rd.shell=0
Aug 22 22:43:37 ip-172-31-7-134 kernel: PID hash table entries: 4096 (order: 3, 32768 bytes)
Aug 22 22:43:37 ip-172-31-7-134 kernel: Memory: 990176K/1048180K available (10252K kernel code, 2143K rwdata, 3036K rodata, 2224K init, 4244K bss, 58004K reserved, 0K cma-reserved)
Aug 22 22:43:37 ip-172-31-7-134 kernel: SLUB: HWalign=64, Order=0-3, MinObjects=0, CPUs=15, Nodes=1
Aug 22 22:43:37 ip-172-31-7-134 kernel: Kernel/User page tables isolation: enabled
Aug 22 22:43:37 ip-172-31-7-134 kernel: ftrace: allocating 30152 entries in 118 pages
Aug 22 22:43:37 ip-172-31-7-134 kernel: Hierarchical RCU implementation.
Aug 22 22:43:37 ip-172-31-7-134 kernel: #011RCU restricting CPUs from NR_CPUS=8192 to nr_cpu_ids=15.
Aug 22 22:43:37 ip-172-31-7-134 kernel: RCU: Adjusting geometry for rcu_fanout_leaf=16, nr_cpu_ids=15
Aug 22 22:43:37 ip-172-31-7-134 kernel: NR_IRQS: 524544, nr_irqs: 952, preallocated irqs: 16
Aug 22 22:43:37 ip-172-31-7-134 kernel: xen:events: Using 2-level ABI
Aug 22 22:43:37 ip-172-31-7-134 kernel: xen:events: Xen HVM callback vector for event delivery is enabled
Aug 22 22:43:37 ip-172-31-7-134 kernel: random: crng init done
Aug 22 22:43:37 ip-172-31-7-134 kernel: Console: colour VGA+ 80x25
Aug 22 22:43:37 ip-172-31-7-134 kernel: console [tty0] enabled
Aug 22 22:43:37 ip-172-31-7-134 kernel: Cannot get hvm parameter CONSOLE_EVTCHN (18): -22!
Aug 22 22:43:37 ip-172-31-7-134 kernel: console [ttyS0] enabled
Aug 22 22:43:37 ip-172-31-7-134 kernel: clocksource: hpet: mask: 0xffffffff max_cycles: 0xffffffff, max_idle_ns: 30580167144 ns
Aug 22 22:43:37 ip-172-31-7-134 kernel: tsc: Fast TSC calibration using PIT
Aug 22 22:43:37 ip-172-31-7-134 kernel: tsc: Detected 2400.146 MHz processor
Aug 22 22:43:37 ip-172-31-7-134 kernel: Calibrating delay loop (skipped), value calculated using timer frequency.. 4800.03 BogoMIPS (lpj=9600064)
Aug 22 22:43:37 ip-172-31-7-134 kernel: pid_max: default: 32768 minimum: 301
Aug 22 22:43:37 ip-172-31-7-134 kernel: ACPI: Core revision 20170728
Aug 22 22:43:37 ip-172-31-7-134 kernel: ACPI: 3 ACPI AML tables successfully acquired and loaded
Aug 22 22:43:37 ip-172-31-7-134 kernel: Security Framework initialized
Aug 22 22:43:37 ip-172-31-7-134 kernel: Yama: becoming mindful.
Aug 22 22:43:37 ip-172-31-7-134 kernel: SELinux:  Initializing.
Aug 22 22:43:37 ip-172-31-7-134 kernel: Dentry cache hash table entries: 131072 (order: 8, 1048576 bytes)
Aug 22 22:43:37 ip-172-31-7-134 kernel: Inode-cache hash table entries: 65536 (order: 7, 524288 bytes)
Aug 22 22:43:37 ip-172-31-7-134 kernel: Mount-cache hash table entries: 2048 (order: 2, 16384 bytes)
Aug 22 22:43:37 ip-172-31-7-134 kernel: Mountpoint-cache hash table entries: 2048 (order: 2, 16384 bytes)
Aug 22 22:43:37 ip-172-31-7-134 kernel: Last level iTLB entries: 4KB 1024, 2MB 1024, 4MB 1024
Aug 22 22:43:37 ip-172-31-7-134 kernel: Last level dTLB entries: 4KB 1024, 2MB 1024, 4MB 1024, 1GB 4
Aug 22 22:43:37 ip-172-31-7-134 kernel: Spectre V1 : Mitigation: usercopy/swapgs barriers and __user pointer sanitization
Aug 22 22:43:37 ip-172-31-7-134 kernel: Spectre V2 : Mitigation: Retpolines
Aug 22 22:43:37 ip-172-31-7-134 kernel: Spectre V2 : Spectre v2 / SpectreRSB mitigation: Filling RSB on context switch
Aug 22 22:43:37 ip-172-31-7-134 kernel: Speculative Store Bypass: Vulnerable
Aug 22 22:43:37 ip-172-31-7-134 kernel: MDS: Vulnerable: Clear CPU buffers attempted, no microcode
Aug 22 22:43:37 ip-172-31-7-134 kernel: MMIO Stale Data: Vulnerable: Clear CPU buffers attempted, no microcode
Aug 22 22:43:37 ip-172-31-7-134 kernel: smpboot: Max logical packages: 15
Aug 22 22:43:37 ip-172-31-7-134 kernel: x2apic: IRQ remapping doesn't support X2APIC mode
Aug 22 22:43:37 ip-172-31-7-134 kernel: Switched APIC routing to physical flat.
Aug 22 22:43:37 ip-172-31-7-134 kernel: ..TIMER: vector=0x30 apic1=0 pin1=2 apic2=0 pin2=0
Aug 22 22:43:37 ip-172-31-7-134 kernel: clocksource: xen: mask: 0xffffffffffffffff max_cycles: 0x1cd42e4dffb, max_idle_ns: 881590591483 ns
Aug 22 22:43:37 ip-172-31-7-134 kernel: installing Xen timer for CPU 0
Aug 22 22:43:37 ip-172-31-7-134 kernel: smpboot: CPU0: Intel(R) Xeon(R) CPU E5-2676 v3 @ 2.40GHz (family: 0x6, model: 0x3f, stepping: 0x2)
Aug 22 22:43:37 ip-172-31-7-134 kernel: cpu 0 spinlock event irq 53
Aug 22 22:43:37 ip-172-31-7-134 kernel: Performance Events: unsupported p6 CPU model 63 no PMU driver, software events only.
Aug 22 22:43:37 ip-172-31-7-134 kernel: Hierarchical SRCU implementation.
Aug 22 22:43:37 ip-172-31-7-134 kernel: NMI watchdog: Perf event create on CPU 0 failed with -2
Aug 22 22:43:37 ip-172-31-7-134 kernel: NMI watchdog: Perf NMI watchdog permanently disabled
Aug 22 22:43:37 ip-172-31-7-134 kernel: smp: Bringing up secondary CPUs ...
Aug 22 22:43:37 ip-172-31-7-134 kernel: smp: Brought up 1 node, 1 CPU
Aug 22 22:43:37 ip-172-31-7-134 kernel: smpboot: Total of 1 processors activated (4800.03 BogoMIPS)
Aug 22 22:43:37 ip-172-31-7-134 kernel: devtmpfs: initialized
Aug 22 22:43:37 ip-172-31-7-134 kernel: x86/mm: Memory block size: 128MB
Aug 22 22:43:37 ip-172-31-7-134 kernel: clocksource: jiffies: mask: 0xffffffff max_cycles: 0xffffffff, max_idle_ns: 7645041785100000 ns
Aug 22 22:43:37 ip-172-31-7-134 kernel: futex hash table entries: 4096 (order: 6, 262144 bytes)
Aug 22 22:43:37 ip-172-31-7-134 kernel: NET: Registered protocol family 16
Aug 22 22:43:37 ip-172-31-7-134 kernel: cpuidle: using governor ladder
Aug 22 22:43:37 ip-172-31-7-134 kernel: cpuidle: using governor menu
Aug 22 22:43:37 ip-172-31-7-134 kernel: ACPI: bus type PCI registered
Aug 22 22:43:37 ip-172-31-7-134 kernel: acpiphp: ACPI Hot Plug PCI Controller Driver version: 0.5
Aug 22 22:43:37 ip-172-31-7-134 kernel: PCI: Using configuration type 1 for base access
Aug 22 22:43:37 ip-172-31-7-134 kernel: HugeTLB registered 2.00 MiB page size, pre-allocated 0 pages
Aug 22 22:43:37 ip-172-31-7-134 kernel: ACPI: Added _OSI(Module Device)
Aug 22 22:43:37 ip-172-31-7-134 kernel: ACPI: Added _OSI(Processor Device)
Aug 22 22:43:37 ip-172-31-7-134 kernel: ACPI: Added _OSI(3.0 _SCP Extensions)
Aug 22 22:43:37 ip-172-31-7-134 kernel: ACPI: Added _OSI(Processor Aggregator Device)
Aug 22 22:43:37 ip-172-31-7-134 kernel: ACPI: Interpreter enabled
Aug 22 22:43:37 ip-172-31-7-134 kernel: ACPI: (supports S0 S4 S5)
Aug 22 22:43:37 ip-172-31-7-134 kernel: ACPI: Using IOAPIC for interrupt routing
Aug 22 22:43:37 ip-172-31-7-134 kernel: PCI: Using host bridge windows from ACPI; if necessary, use "pci=nocrs" and report a bug
Aug 22 22:43:37 ip-172-31-7-134 kernel: ACPI: Enabled 2 GPEs in block 00 to 0F
Aug 22 22:43:37 ip-172-31-7-134 kernel: ACPI: PCI Root Bridge [PCI0] (domain 0000 [bus 00-ff])
Aug 22 22:43:37 ip-172-31-7-134 kernel: acpi PNP0A03:00: _OSC: OS supports [ASPM ClockPM Segments MSI]
Aug 22 22:43:37 ip-172-31-7-134 kernel: acpi PNP0A03:00: _OSC failed (AE_NOT_FOUND); disabling ASPM
Aug 22 22:43:37 ip-172-31-7-134 kernel: acpi PNP0A03:00: fail to add MMCONFIG information, can't access extended PCI configuration space under this bridge.
Aug 22 22:43:37 ip-172-31-7-134 kernel: acpiphp: Slot [0] registered
Aug 22 22:43:37 ip-172-31-7-134 kernel: acpiphp: Slot [3] registered
Aug 22 22:43:37 ip-172-31-7-134 kernel: acpiphp: Slot [4] registered
Aug 22 22:43:37 ip-172-31-7-134 kernel: acpiphp: Slot [5] registered
Aug 22 22:43:37 ip-172-31-7-134 kernel: acpiphp: Slot [6] registered
Aug 22 22:43:37 ip-172-31-7-134 kernel: acpiphp: Slot [7] registered
Aug 22 22:43:37 ip-172-31-7-134 kernel: acpiphp: Slot [8] registered
Aug 22 22:43:37 ip-172-31-7-134 kernel: acpiphp: Slot [9] registered
Aug 22 22:43:37 ip-172-31-7-134 kernel: acpiphp: Slot [10] registered
Aug 22 22:43:37 ip-172-31-7-134 kernel: acpiphp: Slot [11] registered
Aug 22 22:43:37 ip-172-31-7-134 kernel: acpiphp: Slot [12] registered
Aug 22 22:43:37 ip-172-31-7-134 kernel: acpiphp: Slot [13] registered
Aug 22 22:43:37 ip-172-31-7-134 kernel: acpiphp: Slot [14] registered
Aug 22 22:43:37 ip-172-31-7-134 kernel: acpiphp: Slot [15] registered
Aug 22 22:43:37 ip-172-31-7-134 kernel: acpiphp: Slot [16] registered
Aug 22 22:43:37 ip-172-31-7-134 kernel: acpiphp: Slot [17] registered
Aug 22 22:43:37 ip-172-31-7-134 kernel: acpiphp: Slot [18] registered
Aug 22 22:43:37 ip-172-31-7-134 kernel: acpiphp: Slot [19] registered
Aug 22 22:43:37 ip-172-31-7-134 kernel: acpiphp: Slot [20] registered
Aug 22 22:43:37 ip-172-31-7-134 kernel: acpiphp: Slot [21] registered
Aug 22 22:43:37 ip-172-31-7-134 kernel: acpiphp: Slot [22] registered
Aug 22 22:43:37 ip-172-31-7-134 kernel: acpiphp: Slot [23] registered
Aug 22 22:43:37 ip-172-31-7-134 kernel: acpiphp: Slot [24] registered
Aug 22 22:43:37 ip-172-31-7-134 kernel: acpiphp: Slot [25] registered
Aug 22 22:43:37 ip-172-31-7-134 kernel: acpiphp: Slot [26] registered
Aug 22 22:43:37 ip-172-31-7-134 kernel: acpiphp: Slot [27] registered
Aug 22 22:43:37 ip-172-31-7-134 kernel: acpiphp: Slot [28] registered
Aug 22 22:43:37 ip-172-31-7-134 kernel: acpiphp: Slot [29] registered
Aug 22 22:43:37 ip-172-31-7-134 kernel: acpiphp: Slot [30] registered
Aug 22 22:43:37 ip-172-31-7-134 kernel: acpiphp: Slot [31] registered
Aug 22 22:43:37 ip-172-31-7-134 kernel: PCI host bridge to bus 0000:00
Aug 22 22:43:37 ip-172-31-7-134 kernel: pci_bus 0000:00: root bus resource [io  0x0000-0x0cf7 window]
Aug 22 22:43:37 ip-172-31-7-134 kernel: pci_bus 0000:00: root bus resource [io  0x0d00-0xffff window]
Aug 22 22:43:37 ip-172-31-7-134 kernel: pci_bus 0000:00: root bus resource [mem 0x000a0000-0x000bffff window]
Aug 22 22:43:37 ip-172-31-7-134 kernel: pci_bus 0000:00: root bus resource [mem 0xf0000000-0xfbffffff window]
Aug 22 22:43:37 ip-172-31-7-134 kernel: pci_bus 0000:00: root bus resource [bus 00-ff]
Aug 22 22:43:37 ip-172-31-7-134 kernel: pci 0000:00:01.1: legacy IDE quirk: reg 0x10: [io  0x01f0-0x01f7]
Aug 22 22:43:37 ip-172-31-7-134 kernel: pci 0000:00:01.1: legacy IDE quirk: reg 0x14: [io  0x03f6]
Aug 22 22:43:37 ip-172-31-7-134 kernel: pci 0000:00:01.1: legacy IDE quirk: reg 0x18: [io  0x0170-0x0177]
Aug 22 22:43:37 ip-172-31-7-134 kernel: pci 0000:00:01.1: legacy IDE quirk: reg 0x1c: [io  0x0376]
Aug 22 22:43:37 ip-172-31-7-134 kernel: * Found PM-Timer Bug on the chipset. Due to workarounds for a bug,#012* this clock source is slow. Consider trying other clock sources
Aug 22 22:43:37 ip-172-31-7-134 kernel: pci 0000:00:01.3: quirk: [io  0xb000-0xb03f] claimed by PIIX4 ACPI
Aug 22 22:43:37 ip-172-31-7-134 kernel: ACPI: PCI Interrupt Link [LNKA] (IRQs *5 10 11)
Aug 22 22:43:37 ip-172-31-7-134 kernel: ACPI: PCI Interrupt Link [LNKB] (IRQs 5 *10 11)
Aug 22 22:43:37 ip-172-31-7-134 kernel: ACPI: PCI Interrupt Link [LNKC] (IRQs 5 10 *11)
Aug 22 22:43:37 ip-172-31-7-134 kernel: ACPI: PCI Interrupt Link [LNKD] (IRQs *5 10 11)
Aug 22 22:43:37 ip-172-31-7-134 kernel: xen:balloon: Initialising balloon driver
Aug 22 22:43:37 ip-172-31-7-134 kernel: pci 0000:00:02.0: vgaarb: setting as boot VGA device
Aug 22 22:43:37 ip-172-31-7-134 kernel: pci 0000:00:02.0: vgaarb: VGA device added: decodes=io+mem,owns=io+mem,locks=none
Aug 22 22:43:37 ip-172-31-7-134 kernel: pci 0000:00:02.0: vgaarb: bridge control possible
Aug 22 22:43:37 ip-172-31-7-134 kernel: vgaarb: loaded
Aug 22 22:43:37 ip-172-31-7-134 kernel: EDAC MC: Ver: 3.0.0
Aug 22 22:43:37 ip-172-31-7-134 kernel: PCI: Using ACPI for IRQ routing
Aug 22 22:43:37 ip-172-31-7-134 kernel: NetLabel: Initializing
Aug 22 22:43:37 ip-172-31-7-134 kernel: NetLabel:  domain hash size = 128
Aug 22 22:43:37 ip-172-31-7-134 kernel: NetLabel:  protocols = UNLABELED CIPSOv4 CALIPSO
Aug 22 22:43:37 ip-172-31-7-134 kernel: NetLabel:  unlabeled traffic allowed by default
Aug 22 22:43:37 ip-172-31-7-134 kernel: HPET: 3 timers in total, 0 timers will be used for per-cpu timer
Aug 22 22:43:37 ip-172-31-7-134 kernel: hpet0: at MMIO 0xfed00000, IRQs 2, 8, 0
Aug 22 22:43:37 ip-172-31-7-134 kernel: hpet0: 3 comparators, 64-bit 62.500000 MHz counter
Aug 22 22:43:37 ip-172-31-7-134 kernel: clocksource: Switched to clocksource xen
Aug 22 22:43:37 ip-172-31-7-134 kernel: VFS: Disk quotas dquot_6.6.0
Aug 22 22:43:37 ip-172-31-7-134 kernel: VFS: Dquot-cache hash table entries: 512 (order 0, 4096 bytes)
Aug 22 22:43:37 ip-172-31-7-134 kernel: pnp: PnP ACPI init
Aug 22 22:43:37 ip-172-31-7-134 kernel: system 00:00: [mem 0x00000000-0x0009ffff] could not be reserved
Aug 22 22:43:37 ip-172-31-7-134 kernel: system 00:01: [io  0x08a0-0x08a3] has been reserved
Aug 22 22:43:37 ip-172-31-7-134 kernel: system 00:01: [io  0x0cc0-0x0ccf] has been reserved
Aug 22 22:43:37 ip-172-31-7-134 kernel: system 00:01: [io  0x04d0-0x04d1] has been reserved
Aug 22 22:43:37 ip-172-31-7-134 kernel: system 00:07: [io  0x10c0-0x1141] has been reserved
Aug 22 22:43:37 ip-172-31-7-134 kernel: system 00:07: [io  0xb044-0xb047] has been reserved
Aug 22 22:43:37 ip-172-31-7-134 kernel: pnp: PnP ACPI: found 8 devices
Aug 22 22:43:37 ip-172-31-7-134 kernel: clocksource: acpi_pm: mask: 0xffffff max_cycles: 0xffffff, max_idle_ns: 2085701024 ns
Aug 22 22:43:37 ip-172-31-7-134 kernel: NET: Registered protocol family 2
Aug 22 22:43:37 ip-172-31-7-134 kernel: IP idents hash table entries: 16384 (order: 5, 131072 bytes)
Aug 22 22:43:37 ip-172-31-7-134 kernel: TCP established hash table entries: 8192 (order: 4, 65536 bytes)
Aug 22 22:43:37 ip-172-31-7-134 kernel: TCP bind hash table entries: 8192 (order: 5, 131072 bytes)
Aug 22 22:43:37 ip-172-31-7-134 kernel: TCP: Hash tables configured (established 8192 bind 8192)
Aug 22 22:43:37 ip-172-31-7-134 kernel: UDP hash table entries: 512 (order: 2, 16384 bytes)
Aug 22 22:43:37 ip-172-31-7-134 kernel: UDP-Lite hash table entries: 512 (order: 2, 16384 bytes)
Aug 22 22:43:37 ip-172-31-7-134 kernel: NET: Registered protocol family 1
Aug 22 22:43:37 ip-172-31-7-134 kernel: pci 0000:00:00.0: Limiting direct PCI/PCI transfers
Aug 22 22:43:37 ip-172-31-7-134 kernel: pci 0000:00:01.0: PIIX3: Enabling Passive Release
Aug 22 22:43:37 ip-172-31-7-134 kernel: pci 0000:00:01.0: Activating ISA DMA hang workarounds
Aug 22 22:43:37 ip-172-31-7-134 kernel: pci 0000:00:02.0: Video device with shadowed ROM at [mem 0x000c0000-0x000dffff]
Aug 22 22:43:37 ip-172-31-7-134 kernel: Unpacking initramfs...
Aug 22 22:43:37 ip-172-31-7-134 kernel: Freeing initrd memory: 10360K
Aug 22 22:43:37 ip-172-31-7-134 kernel: Scanning for low memory corruption every 60 seconds
Aug 22 22:43:37 ip-172-31-7-134 kernel: audit: initializing netlink subsys (disabled)
Aug 22 22:43:37 ip-172-31-7-134 kernel: Initialise system trusted keyrings
Aug 22 22:43:37 ip-172-31-7-134 kernel: Key type blacklist registered
Aug 22 22:43:37 ip-172-31-7-134 kernel: audit: type=2000 audit(1661208216.728:1): state=initialized audit_enabled=0 res=1
Aug 22 22:43:37 ip-172-31-7-134 kernel: workingset: timestamp_bits=36 max_order=18 bucket_order=0
Aug 22 22:43:37 ip-172-31-7-134 kernel: zbud: loaded
Aug 22 22:43:37 ip-172-31-7-134 kernel: SGI XFS with ACLs, security attributes, no debug enabled
Aug 22 22:43:37 ip-172-31-7-134 kernel: Key type asymmetric registered
Aug 22 22:43:37 ip-172-31-7-134 kernel: Asymmetric key parser 'x509' registered
Aug 22 22:43:37 ip-172-31-7-134 kernel: Block layer SCSI generic (bsg) driver version 0.4 loaded (major 251)
Aug 22 22:43:37 ip-172-31-7-134 kernel: io scheduler noop registered (default)
Aug 22 22:43:37 ip-172-31-7-134 kernel: io scheduler cfq registered
Aug 22 22:43:37 ip-172-31-7-134 kernel: crc32: CRC_LE_BITS = 64, CRC_BE BITS = 64
Aug 22 22:43:37 ip-172-31-7-134 kernel: crc32: self tests passed, processed 225944 bytes in 161629 nsec
Aug 22 22:43:37 ip-172-31-7-134 kernel: crc32c: CRC_LE_BITS = 64
Aug 22 22:43:37 ip-172-31-7-134 kernel: crc32c: self tests passed, processed 225944 bytes in 80742 nsec
Aug 22 22:43:37 ip-172-31-7-134 kernel: crc32_combine: 8373 self tests passed
Aug 22 22:43:37 ip-172-31-7-134 kernel: crc32c_combine: 8373 self tests passed
Aug 22 22:43:37 ip-172-31-7-134 kernel: xen:grant_table: Grant tables using version 1 layout
Aug 22 22:43:37 ip-172-31-7-134 kernel: Grant table initialized
Aug 22 22:43:37 ip-172-31-7-134 kernel: Cannot get hvm parameter CONSOLE_EVTCHN (18): -22!
Aug 22 22:43:37 ip-172-31-7-134 kernel: Serial: 8250/16550 driver, 4 ports, IRQ sharing disabled
Aug 22 22:43:37 ip-172-31-7-134 kernel: 00:06: ttyS0 at I/O 0x3f8 (irq = 4, base_baud = 115200) is a 16550A
Aug 22 22:43:37 ip-172-31-7-134 kernel: xen_netfront: Initialising Xen virtual ethernet driver
Aug 22 22:43:37 ip-172-31-7-134 kernel: i8042: PNP: PS/2 Controller [PNP0303:PS2K,PNP0f13:PS2M] at 0x60,0x64 irq 1,12
Aug 22 22:43:37 ip-172-31-7-134 kernel: serio: i8042 KBD port at 0x60,0x64 irq 1
Aug 22 22:43:37 ip-172-31-7-134 kernel: serio: i8042 AUX port at 0x60,0x64 irq 12
Aug 22 22:43:37 ip-172-31-7-134 kernel: input: AT Translated Set 2 keyboard as /devices/platform/i8042/serio0/input/input0
Aug 22 22:43:37 ip-172-31-7-134 kernel: rtc_cmos 00:02: rtc core: registered rtc_cmos as rtc0
Aug 22 22:43:37 ip-172-31-7-134 kernel: rtc_cmos 00:02: alarms up to one day, 114 bytes nvram, hpet irqs
Aug 22 22:43:37 ip-172-31-7-134 kernel: hidraw: raw HID events driver (C) Jiri Kosina
Aug 22 22:43:37 ip-172-31-7-134 kernel: ip_tables: (C) 2000-2006 Netfilter Core Team
Aug 22 22:43:37 ip-172-31-7-134 kernel: NET: Registered protocol family 10
Aug 22 22:43:37 ip-172-31-7-134 kernel: Segment Routing with IPv6
Aug 22 22:43:37 ip-172-31-7-134 kernel: ip6_tables: (C) 2000-2006 Netfilter Core Team
Aug 22 22:43:37 ip-172-31-7-134 kernel: NET: Registered protocol family 17
Aug 22 22:43:37 ip-172-31-7-134 kernel: mce: Using 2 MCE banks
Aug 22 22:43:37 ip-172-31-7-134 kernel: sched_clock: Marking stable (1341547563, 0)->(2551008447, -1209460884)
Aug 22 22:43:37 ip-172-31-7-134 kernel: registered taskstats version 1
Aug 22 22:43:37 ip-172-31-7-134 kernel: Loading compiled-in X.509 certificates
Aug 22 22:43:37 ip-172-31-7-134 kernel: Loaded X.509 cert 'Build time autogenerated kernel key: 126ee176791d8debcb3120005249a79c6a309d9a'
Aug 22 22:43:37 ip-172-31-7-134 kernel: zswap: loaded using pool lzo/zbud
Aug 22 22:43:37 ip-172-31-7-134 kernel: ima: No TPM chip found, activating TPM-bypass! (rc=-19)
Aug 22 22:43:37 ip-172-31-7-134 kernel: ima: Allocated hash algorithm: sha1
Aug 22 22:43:37 ip-172-31-7-134 kernel: xenbus_probe_frontend: Device with no driver: device/vbd/51712
Aug 22 22:43:37 ip-172-31-7-134 kernel: rtc_cmos 00:02: setting system clock to 2022-08-22 22:43:37 UTC (1661208217)
Aug 22 22:43:37 ip-172-31-7-134 kernel: Freeing unused kernel memory: 2224K
Aug 22 22:43:37 ip-172-31-7-134 kernel: Write protecting the kernel read-only data: 16384k
Aug 22 22:43:37 ip-172-31-7-134 kernel: Freeing unused kernel memory: 2016K
Aug 22 22:43:37 ip-172-31-7-134 kernel: Freeing unused kernel memory: 1060K
Aug 22 22:43:37 ip-172-31-7-134 systemd[1]: Inserted module 'autofs4'
Aug 22 22:43:37 ip-172-31-7-134 systemd[1]: systemd 219 running in system mode. (+PAM +AUDIT +SELINUX +IMA -APPARMOR +SMACK +SYSVINIT +UTMP +LIBCRYPTSETUP +GCRYPT +GNUTLS +ACL +XZ +LZ4 -SECCOMP +BLKID +ELFUTILS +KMOD +IDN)
Aug 22 22:43:37 ip-172-31-7-134 systemd[1]: Detected virtualization xen.
Aug 22 22:43:37 ip-172-31-7-134 systemd[1]: Detected architecture x86-64.
Aug 22 22:43:37 ip-172-31-7-134 systemd[1]: Running in initial RAM disk.
Aug 22 22:43:37 ip-172-31-7-134 systemd[1]: No hostname configured.
Aug 22 22:43:37 ip-172-31-7-134 systemd[1]: Set hostname to <localhost>.
Aug 22 22:43:37 ip-172-31-7-134 systemd[1]: Initializing machine ID from random generator.
Aug 22 22:43:37 ip-172-31-7-134 systemd[1]: Created slice Root Slice.
Aug 22 22:43:37 ip-172-31-7-134 systemd[1]: Started Dispatch Password Requests to Console Directory Watch.
Aug 22 22:43:37 ip-172-31-7-134 systemd[1]: Listening on Journal Socket.
Aug 22 22:43:37 ip-172-31-7-134 journal: Journal started
Aug 22 22:43:37 ip-172-31-7-134 systemd: Started Create list of required static device nodes for the current kernel.
Aug 22 22:43:37 ip-172-31-7-134 systemd: Started Apply Kernel Variables.
Aug 22 22:43:37 ip-172-31-7-134 systemd: Starting Create Static Device Nodes in /dev...
Aug 22 22:43:37 ip-172-31-7-134 systemd: Started Create Static Device Nodes in /dev.
Aug 22 22:43:37 ip-172-31-7-134 systemd: Starting udev Kernel Device Manager...
Aug 22 22:43:37 ip-172-31-7-134 systemd-udevd: starting version 219
Aug 22 22:43:37 ip-172-31-7-134 systemd-udevd: Network interface NamePolicy= disabled on kernel command line, ignoring.
Aug 22 22:43:37 ip-172-31-7-134 systemd: Started udev Kernel Device Manager.
Aug 22 22:43:37 ip-172-31-7-134 systemd: Starting dracut pre-trigger hook...
Aug 22 22:43:37 ip-172-31-7-134 systemd: Started dracut pre-trigger hook.
Aug 22 22:43:37 ip-172-31-7-134 systemd: Starting udev Coldplug all Devices...
Aug 22 22:43:37 ip-172-31-7-134 kernel: tsc: Refined TSC clocksource calibration: 2400.010 MHz
Aug 22 22:43:37 ip-172-31-7-134 kernel: clocksource: tsc: mask: 0xffffffffffffffff max_cycles: 0x229840d1729, max_idle_ns: 440795276167 ns
Aug 22 22:43:37 ip-172-31-7-134 systemd-udevd: Network interface NamePolicy= disabled on kernel command line, ignoring.
Aug 22 22:43:37 ip-172-31-7-134 systemd: Started udev Coldplug all Devices.
Aug 22 22:43:37 ip-172-31-7-134 systemd: Reached target System Initialization.
Aug 22 22:43:37 ip-172-31-7-134 systemd: Reached target Basic System.
Aug 22 22:43:37 ip-172-31-7-134 systemd: Starting dracut initqueue hook...
Aug 22 22:43:38 ip-172-31-7-134 kernel: SCSI subsystem initialized
Aug 22 22:43:38 ip-172-31-7-134 kernel: Invalid max_queues (4), will use default max: 1.
Aug 22 22:43:38 ip-172-31-7-134 kernel: scsi host0: ata_piix
Aug 22 22:43:38 ip-172-31-7-134 kernel: scsi host1: ata_piix
Aug 22 22:43:38 ip-172-31-7-134 kernel: ata1: PATA max MWDMA2 cmd 0x1f0 ctl 0x3f6 bmdma 0xc100 irq 14
Aug 22 22:43:38 ip-172-31-7-134 kernel: ata2: PATA max MWDMA2 cmd 0x170 ctl 0x376 bmdma 0xc108 irq 15
Aug 22 22:43:38 ip-172-31-7-134 kernel: blkfront: xvda: barrier or flush: disabled; persistent grants: disabled; indirect descriptors: enabled; bounce buffer: disabled;
Aug 22 22:43:38 ip-172-31-7-134 kernel: xvda: xvda1
Aug 22 22:43:38 ip-172-31-7-134 systemd: Found device /dev/disk/by-uuid/06c191ec-9134-4fcc-a1d8-f4fe9d9daae0.
Aug 22 22:43:38 ip-172-31-7-134 systemd: Starting File System Check on /dev/disk/by-uuid/06c191ec-9134-4fcc-a1d8-f4fe9d9daae0...
Aug 22 22:43:38 ip-172-31-7-134 systemd-fsck: fsck.xfs doesn't exist, not checking file system on /dev/disk/by-uuid/06c191ec-9134-4fcc-a1d8-f4fe9d9daae0
Aug 22 22:43:38 ip-172-31-7-134 systemd: Started dracut initqueue hook.
Aug 22 22:43:38 ip-172-31-7-134 systemd: Started File System Check on /dev/disk/by-uuid/06c191ec-9134-4fcc-a1d8-f4fe9d9daae0.
Aug 22 22:43:38 ip-172-31-7-134 systemd: Mounting /sysroot...
Aug 22 22:43:38 ip-172-31-7-134 systemd: Reached target Remote File Systems (Pre).
Aug 22 22:43:38 ip-172-31-7-134 systemd: Reached target Remote File Systems.
Aug 22 22:43:38 ip-172-31-7-134 kernel: XFS (xvda1): Mounting V5 Filesystem
Aug 22 22:43:38 ip-172-31-7-134 systemd: Mounted /sysroot.
Aug 22 22:43:38 ip-172-31-7-134 kernel: XFS (xvda1): Ending clean mount
Aug 22 22:43:38 ip-172-31-7-134 systemd: Reached target Initrd Root File System.
Aug 22 22:43:38 ip-172-31-7-134 systemd: Starting Reload Configuration from the Real Root...
Aug 22 22:43:38 ip-172-31-7-134 systemd: Reloading.
Aug 22 22:43:38 ip-172-31-7-134 systemd: Started Reload Configuration from the Real Root.
Aug 22 22:43:38 ip-172-31-7-134 systemd: Reached target Initrd File Systems.
Aug 22 22:43:38 ip-172-31-7-134 systemd: Reached target Initrd Default Target.
Aug 22 22:43:38 ip-172-31-7-134 systemd: Starting dracut pre-pivot and cleanup hook...
Aug 22 22:43:38 ip-172-31-7-134 systemd: Started dracut pre-pivot and cleanup hook.
Aug 22 22:43:38 ip-172-31-7-134 systemd: Starting Cleaning Up and Shutting Down Daemons...
Aug 22 22:43:38 ip-172-31-7-134 systemd: Started Cleaning Up and Shutting Down Daemons.
Aug 22 22:43:38 ip-172-31-7-134 systemd: Stopped dracut pre-pivot and cleanup hook.
Aug 22 22:43:38 ip-172-31-7-134 systemd: Stopped target Initrd Default Target.
Aug 22 22:43:38 ip-172-31-7-134 systemd: Stopped target Basic System.
Aug 22 22:43:38 ip-172-31-7-134 systemd: Stopped target Slices.
Aug 22 22:43:38 ip-172-31-7-134 systemd: Stopped target Sockets.
Aug 22 22:43:38 ip-172-31-7-134 systemd: Stopped target Remote File Systems.
Aug 22 22:43:38 ip-172-31-7-134 systemd: Stopped target Remote File Systems (Pre).
Aug 22 22:43:38 ip-172-31-7-134 systemd: Stopped dracut initqueue hook.
Aug 22 22:43:38 ip-172-31-7-134 systemd: Stopped target Paths.
Aug 22 22:43:38 ip-172-31-7-134 systemd: Stopped Dispatch Password Requests to Console Directory Watch.
Aug 22 22:43:38 ip-172-31-7-134 systemd: Stopped target System Initialization.
Aug 22 22:43:38 ip-172-31-7-134 systemd: Stopped udev Coldplug all Devices.
Aug 22 22:43:38 ip-172-31-7-134 systemd: Stopped dracut pre-trigger hook.
Aug 22 22:43:38 ip-172-31-7-134 systemd: Stopping udev Kernel Device Manager...
Aug 22 22:43:38 ip-172-31-7-134 systemd: Stopped target Local File Systems.
Aug 22 22:43:38 ip-172-31-7-134 systemd: Stopped target Swap.
Aug 22 22:43:38 ip-172-31-7-134 systemd: Stopped Apply Kernel Variables.
Aug 22 22:43:38 ip-172-31-7-134 systemd: Stopped target Timers.
Aug 22 22:43:38 ip-172-31-7-134 systemd: Stopped udev Kernel Device Manager.
Aug 22 22:43:38 ip-172-31-7-134 systemd: Stopped Create Static Device Nodes in /dev.
Aug 22 22:43:38 ip-172-31-7-134 systemd: Stopped Create list of required static device nodes for the current kernel.
Aug 22 22:43:38 ip-172-31-7-134 systemd: Closed udev Kernel Socket.
Aug 22 22:43:38 ip-172-31-7-134 systemd: Closed udev Control Socket.
Aug 22 22:43:38 ip-172-31-7-134 systemd: Starting Cleanup udevd DB...
Aug 22 22:43:38 ip-172-31-7-134 systemd: Started Cleanup udevd DB.
Aug 22 22:43:38 ip-172-31-7-134 systemd: Reached target Switch Root.
Aug 22 22:43:38 ip-172-31-7-134 systemd: Starting Switch Root...
Aug 22 22:43:38 ip-172-31-7-134 systemd: Switching root.
Aug 22 22:43:38 ip-172-31-7-134 journal: Journal stopped
Aug 22 22:43:39 ip-172-31-7-134 journal: Runtime journal is using 6.1M (max allowed 49.1M, trying to leave 73.6M free of 478.8M available â†’ current limit 49.1M).
Aug 22 22:43:39 ip-172-31-7-134 systemd-journald[970]: Received SIGTERM from PID 1 (systemd).
Aug 22 22:43:39 ip-172-31-7-134 kernel: systemd: 13 output lines suppressed due to ratelimiting
Aug 22 22:43:39 ip-172-31-7-134 kernel: SELinux:  Disabled at runtime.
Aug 22 22:43:39 ip-172-31-7-134 kernel: audit: type=1404 audit(1661208218.956:2): selinux=0 auid=4294967295 ses=4294967295
Aug 22 22:43:39 ip-172-31-7-134 journal: Journal started
Aug 22 22:43:39 ip-172-31-7-134 systemd: systemd 219 running in system mode. (+PAM +AUDIT +SELINUX +IMA -APPARMOR +SMACK +SYSVINIT +UTMP +LIBCRYPTSETUP +GCRYPT +GNUTLS +ACL +XZ +LZ4 -SECCOMP +BLKID +ELFUTILS +KMOD +IDN)
Aug 22 22:43:39 ip-172-31-7-134 systemd: Detected virtualization xen.
Aug 22 22:43:39 ip-172-31-7-134 systemd: Detected architecture x86-64.
Aug 22 22:43:39 ip-172-31-7-134 systemd: Set hostname to <ip-172-31-63-2.ec2.internal>.
Aug 22 22:43:39 ip-172-31-7-134 systemd: Cannot add dependency job for unit display-manager.service, ignoring: Unit not found.
Aug 22 22:43:39 ip-172-31-7-134 systemd: Started Setup Virtual Console.
Aug 22 22:43:39 ip-172-31-7-134 systemd: Started Remount Root and Kernel File Systems.
Aug 22 22:43:39 ip-172-31-7-134 systemd: Started Read and set NIS domainname from /etc/sysconfig/network.
Aug 22 22:43:39 ip-172-31-7-134 systemd: Started Create list of required static device nodes for the current kernel.
Aug 22 22:43:39 ip-172-31-7-134 systemd: Started LVM2 metadata daemon.
Aug 22 22:43:39 ip-172-31-7-134 systemd: Starting Create Static Device Nodes in /dev...
Aug 22 22:43:39 ip-172-31-7-134 systemd: Starting Configure read-only root support...
Aug 22 22:43:39 ip-172-31-7-134 systemd: Starting udev Coldplug all Devices...
Aug 22 22:43:39 ip-172-31-7-134 systemd: Starting Relabel kernel modules early in the boot, if needed...
Aug 22 22:43:39 ip-172-31-7-134 systemd: Starting Flush Journal to Persistent Storage...
Aug 22 22:43:39 ip-172-31-7-134 systemd: Started Create Static Device Nodes in /dev.
Aug 22 22:43:39 ip-172-31-7-134 systemd: Started Configure read-only root support.
Aug 22 22:43:39 ip-172-31-7-134 systemd: Started Relabel kernel modules early in the boot, if needed.
Aug 22 22:43:39 ip-172-31-7-134 systemd: Starting Load Kernel Modules...
Aug 22 22:43:39 ip-172-31-7-134 systemd: Starting Load/Save Random Seed...
Aug 22 22:43:39 ip-172-31-7-134 systemd: Starting udev Kernel Device Manager...
Aug 22 22:43:39 ip-172-31-7-134 systemd: Started Flush Journal to Persistent Storage.
Aug 22 22:43:39 ip-172-31-7-134 systemd-udevd: starting version 219
Aug 22 22:43:39 ip-172-31-7-134 systemd-modules-load: Inserted module 'ena'
Aug 22 22:43:39 ip-172-31-7-134 systemd: Started udev Coldplug all Devices.
Aug 22 22:43:39 ip-172-31-7-134 systemd-udevd: Network interface NamePolicy= disabled on kernel command line, ignoring.
Aug 22 22:43:39 ip-172-31-7-134 systemd: Started Load Kernel Modules.
Aug 22 22:43:39 ip-172-31-7-134 systemd: Started Load/Save Random Seed.
Aug 22 22:43:39 ip-172-31-7-134 systemd: Starting Apply Kernel Variables...
Aug 22 22:43:39 ip-172-31-7-134 systemd: Starting udev Wait for Complete Device Initialization...
Aug 22 22:43:39 ip-172-31-7-134 systemd: Started Apply Kernel Variables.
Aug 22 22:43:39 ip-172-31-7-134 systemd: Started udev Kernel Device Manager.
Aug 22 22:43:39 ip-172-31-7-134 systemd: Starting Show Plymouth Boot Screen...
Aug 22 22:43:39 ip-172-31-7-134 kernel: input: Power Button as /devices/LNXSYSTM:00/LNXPWRBN:00/input/input3
Aug 22 22:43:39 ip-172-31-7-134 kernel: ACPI: Power Button [PWRF]
Aug 22 22:43:39 ip-172-31-7-134 kernel: input: Sleep Button as /devices/LNXSYSTM:00/LNXSLPBN:00/input/input4
Aug 22 22:43:39 ip-172-31-7-134 kernel: ACPI: Sleep Button [SLPF]
Aug 22 22:43:39 ip-172-31-7-134 systemd: Received SIGRTMIN+20 from PID 2331 (plymouthd).
Aug 22 22:43:39 ip-172-31-7-134 systemd: Started Show Plymouth Boot Screen.
Aug 22 22:43:39 ip-172-31-7-134 systemd: Started Forward Password Requests to Plymouth Directory Watch.
Aug 22 22:43:39 ip-172-31-7-134 systemd: Found device /dev/ttyS0.
Aug 22 22:43:39 ip-172-31-7-134 systemd: Starting Relabel kernel modules early in the boot, if needed...
Aug 22 22:43:39 ip-172-31-7-134 systemd: Created slice system-ec2net\x2difup.slice.
Aug 22 22:43:39 ip-172-31-7-134 systemd: Started Relabel kernel modules early in the boot, if needed.
Aug 22 22:43:39 ip-172-31-7-134 kernel: input: ImExPS/2 Generic Explorer Mouse as /devices/platform/i8042/serio1/input/input5
Aug 22 22:43:39 ip-172-31-7-134 kernel: mousedev: PS/2 mouse device common for all mice
Aug 22 22:43:39 ip-172-31-7-134 kernel: AVX2 version of gcm_enc/dec engaged.
Aug 22 22:43:39 ip-172-31-7-134 kernel: AES CTR mode by8 optimization enabled
Aug 22 22:43:39 ip-172-31-7-134 kernel: alg: No test for pcbc(aes) (pcbc-aes-aesni)
Aug 22 22:43:39 ip-172-31-7-134 kernel: EDAC sbridge:  Ver: 1.1.2 
Aug 22 22:43:39 ip-172-31-7-134 systemd: Started udev Wait for Complete Device Initialization.
Aug 22 22:43:39 ip-172-31-7-134 systemd: Starting Activation of DM RAID sets...
Aug 22 22:43:39 ip-172-31-7-134 systemd: Started Monitoring of LVM2 mirrors, snapshots etc. using dmeventd or progress polling.
Aug 22 22:43:39 ip-172-31-7-134 systemd: Reached target Local File Systems (Pre).
Aug 22 22:43:39 ip-172-31-7-134 kernel: device-mapper: uevent: version 1.0.3
Aug 22 22:43:39 ip-172-31-7-134 kernel: device-mapper: ioctl: 4.37.0-ioctl (2017-09-20) initialised: dm-devel@redhat.com
Aug 22 22:43:39 ip-172-31-7-134 systemd: Started Activation of DM RAID sets.
Aug 22 22:43:39 ip-172-31-7-134 systemd: Reached target Local Encrypted Volumes.
Aug 22 22:43:39 ip-172-31-7-134 systemd: Reached target Local File Systems.
Aug 22 22:43:39 ip-172-31-7-134 systemd: Starting Create Volatile Files and Directories...
Aug 22 22:43:39 ip-172-31-7-134 systemd: Starting Preprocess NFS configuration...
Aug 22 22:43:39 ip-172-31-7-134 systemd: Starting Tell Plymouth To Write Out Runtime Data...
Aug 22 22:43:39 ip-172-31-7-134 systemd: Started Preprocess NFS configuration.
Aug 22 22:43:39 ip-172-31-7-134 systemd: Started Create Volatile Files and Directories.
Aug 22 22:43:39 ip-172-31-7-134 systemd: Mounting RPC Pipe File System...
Aug 22 22:43:39 ip-172-31-7-134 systemd: Starting Security Auditing Service...
Aug 22 22:43:40 ip-172-31-7-134 systemd: Started Tell Plymouth To Write Out Runtime Data.
Aug 22 22:43:40 ip-172-31-7-134 kernel: RPC: Registered named UNIX socket transport module.
Aug 22 22:43:40 ip-172-31-7-134 kernel: RPC: Registered udp transport module.
Aug 22 22:43:40 ip-172-31-7-134 kernel: RPC: Registered tcp transport module.
Aug 22 22:43:40 ip-172-31-7-134 kernel: RPC: Registered tcp NFSv4.1 backchannel transport module.
Aug 22 22:43:40 ip-172-31-7-134 systemd: Mounted RPC Pipe File System.
Aug 22 22:43:40 ip-172-31-7-134 systemd: Reached target rpc_pipefs.target.
Aug 22 22:43:40 ip-172-31-7-134 auditd: Could not open dir /var/log/audit (No such file or directory)
Aug 22 22:43:40 ip-172-31-7-134 auditd: The audit daemon is exiting.
Aug 22 22:43:40 ip-172-31-7-134 systemd: auditd.service: control process exited, code=exited status=6
Aug 22 22:43:40 ip-172-31-7-134 systemd: Failed to start Security Auditing Service.
Aug 22 22:43:40 ip-172-31-7-134 systemd: Unit auditd.service entered failed state.
Aug 22 22:43:40 ip-172-31-7-134 systemd: auditd.service failed.
Aug 22 22:43:40 ip-172-31-7-134 systemd: Starting Update UTMP about System Boot/Shutdown...
Aug 22 22:43:40 ip-172-31-7-134 systemd: Started Update UTMP about System Boot/Shutdown.
Aug 22 22:43:40 ip-172-31-7-134 systemd: Reached target System Initialization.
Aug 22 22:43:40 ip-172-31-7-134 systemd: Listening on D-Bus System Message Bus Socket.
Aug 22 22:43:40 ip-172-31-7-134 systemd: Started Flexible branding.
Aug 22 22:43:40 ip-172-31-7-134 systemd: Reached target Paths.
Aug 22 22:43:40 ip-172-31-7-134 systemd: Listening on RPCbind Server Activation Socket.
Aug 22 22:43:40 ip-172-31-7-134 systemd: Starting RPC bind service...
Aug 22 22:43:40 ip-172-31-7-134 systemd: Reached target Sockets.
Aug 22 22:43:40 ip-172-31-7-134 systemd: Reached target Basic System.
Aug 22 22:43:40 ip-172-31-7-134 systemd: Starting Dump dmesg to /var/log/dmesg...
Aug 22 22:43:40 ip-172-31-7-134 systemd: Started libstoragemgmt plug-in server daemon.
Aug 22 22:43:40 ip-172-31-7-134 systemd: Starting Hardware RNG Entropy Gatherer Wake threshold service...
Aug 22 22:43:40 ip-172-31-7-134 systemd: Started irqbalance daemon.
Aug 22 22:43:40 ip-172-31-7-134 systemd: Starting GSSAPI Proxy Daemon...
Aug 22 22:43:40 ip-172-31-7-134 systemd: Starting NTP client/server...
Aug 22 22:43:40 ip-172-31-7-134 systemd: Starting Resets System Activity Logs...
Aug 22 22:43:40 ip-172-31-7-134 systemd: Starting Initial cloud-init job (pre-networking)...
Aug 22 22:43:40 ip-172-31-7-134 systemd: Starting ACPI Event Daemon...
Aug 22 22:43:40 ip-172-31-7-134 /usr/sbin/irqbalance: Balancing is ineffective on systems with a single cpu.  Shutting down
Aug 22 22:43:40 ip-172-31-7-134 systemd: Started D-Bus System Message Bus.
Aug 22 22:43:40 ip-172-31-7-134 acpid: starting up with netlink and the input layer
Aug 22 22:43:40 ip-172-31-7-134 acpid: skipping incomplete file /etc/acpi/events/videoconf
Aug 22 22:43:40 ip-172-31-7-134 acpid: 2 rules loaded
Aug 22 22:43:40 ip-172-31-7-134 acpid: waiting for events: event logging is off
Aug 22 22:43:40 ip-172-31-7-134 systemd: Starting Login Service...
Aug 22 22:43:40 ip-172-31-7-134 chronyd[2501]: chronyd version 4.0 starting (+CMDMON +NTP +REFCLOCK +RTC +PRIVDROP +SCFILTER +SIGND +ASYNCDNS -NTS +SECHASH +IPV6 +DEBUG)
Aug 22 22:43:40 ip-172-31-7-134 systemd: Started Daily Cleanup of Temporary Directories.
Aug 22 22:43:40 ip-172-31-7-134 systemd: Reached target Timers.
Aug 22 22:43:40 ip-172-31-7-134 systemd: Started RPC bind service.
Aug 22 22:43:40 ip-172-31-7-134 chronyd[2501]: Frequency -19.782 +/- 0.451 ppm read from /var/lib/chrony/drift
Aug 22 22:43:40 ip-172-31-7-134 systemd: Started Dump dmesg to /var/log/dmesg.
Aug 22 22:43:40 ip-172-31-7-134 systemd: Started Hardware RNG Entropy Gatherer Wake threshold service.
Aug 22 22:43:40 ip-172-31-7-134 systemd: Started GSSAPI Proxy Daemon.
Aug 22 22:43:40 ip-172-31-7-134 systemd: Started NTP client/server.
Aug 22 22:43:40 ip-172-31-7-134 systemd: Started Resets System Activity Logs.
Aug 22 22:43:40 ip-172-31-7-134 systemd: Started ACPI Event Daemon.
Aug 22 22:43:40 ip-172-31-7-134 systemd: Started Login Service.
Aug 22 22:43:40 ip-172-31-7-134 systemd-logind: New seat seat0.
Aug 22 22:43:40 ip-172-31-7-134 systemd: Reached target NFS client services.
Aug 22 22:43:40 ip-172-31-7-134 systemd: Reached target Remote File Systems (Pre).
Aug 22 22:43:40 ip-172-31-7-134 systemd: Reached target Remote File Systems.
Aug 22 22:43:40 ip-172-31-7-134 systemd: Started Hardware RNG Entropy Gatherer Daemon.
Aug 22 22:43:40 ip-172-31-7-134 rngd: Disabling 5: JITTER Entropy generator (jitter)
Aug 22 22:43:40 ip-172-31-7-134 rngd: Initializing available sources
Aug 22 22:43:40 ip-172-31-7-134 rngd: Failed to init entropy source hwrng
Aug 22 22:43:40 ip-172-31-7-134 rngd: Enabling RDRAND rng support
Aug 22 22:43:40 ip-172-31-7-134 rngd: Initializing entropy source rdrand
Aug 22 22:43:41 ip-172-31-7-134 cloud-init: Cloud-init v. 19.3-45.amzn2 running 'init-local' at Mon, 22 Aug 2022 22:43:41 +0000. Up 5.02 seconds.
Aug 22 22:43:41 ip-172-31-7-134 systemd: Started Initial cloud-init job (pre-networking).
Aug 22 22:43:41 ip-172-31-7-134 systemd: Reached target Network (Pre).
Aug 22 22:43:41 ip-172-31-7-134 systemd: Starting LSB: Bring up/down networking...
Aug 22 22:43:41 ip-172-31-7-134 network: Bringing up loopback interface:  [  OK  ]
Aug 22 22:43:41 ip-172-31-7-134 network: Bringing up interface eth0:
Aug 22 22:43:41 ip-172-31-7-134 dhclient[2646]: DHCPDISCOVER on eth0 to 255.255.255.255 port 67 interval 7 (xid=0x7434ea3f)
Aug 22 22:43:41 ip-172-31-7-134 dhclient[2646]: DHCPREQUEST on eth0 to 255.255.255.255 port 67 (xid=0x7434ea3f)
Aug 22 22:43:41 ip-172-31-7-134 dhclient[2646]: DHCPOFFER from 172.31.0.1
Aug 22 22:43:41 ip-172-31-7-134 dhclient[2646]: DHCPACK from 172.31.0.1 (xid=0x7434ea3f)
Aug 22 22:43:41 ip-172-31-7-134 NET: dhclient: Locked /run/dhclient/resolv.lock
Aug 22 22:43:41 ip-172-31-7-134 NET[2705]: /usr/sbin/dhclient-script : updated /etc/resolv.conf
Aug 22 22:43:41 ip-172-31-7-134 dhclient[2646]: bound to 172.31.7.134 -- renewal in 1761 seconds.
Aug 22 22:43:41 ip-172-31-7-134 network: Determining IP information for eth0... done.
Aug 22 22:43:41 ip-172-31-7-134 ec2net: [get_meta] Querying IMDS for meta-data/network/interfaces/macs/02:c7:37:43:64:93/local-ipv4s
Aug 22 22:43:41 ip-172-31-7-134 ec2net: [get_meta] Getting token for IMDSv2.
Aug 22 22:43:41 ip-172-31-7-134 ec2net: [get_meta] Trying to get http://169.254.169.254/latest/meta-data/network/interfaces/macs/02:c7:37:43:64:93/local-ipv4s
Aug 22 22:43:41 ip-172-31-7-134 ec2net: [remove_aliases] Removing aliases of eth0
Aug 22 22:43:41 ip-172-31-7-134 network: Determining IPv6 information for eth0... done.
Aug 22 22:43:41 ip-172-31-7-134 network: [  OK  ]
Aug 22 22:43:41 ip-172-31-7-134 systemd: Started LSB: Bring up/down networking.
Aug 22 22:43:41 ip-172-31-7-134 systemd: Reached target Network.
Aug 22 22:43:41 ip-172-31-7-134 systemd: Starting Postfix Mail Transport Agent...
Aug 22 22:43:41 ip-172-31-7-134 systemd: Starting Initial cloud-init job (metadata service crawler)...
Aug 22 22:43:42 ip-172-31-7-134 cloud-init: Cloud-init v. 19.3-45.amzn2 running 'init' at Mon, 22 Aug 2022 22:43:42 +0000. Up 6.19 seconds.
Aug 22 22:43:42 ip-172-31-7-134 cloud-init: ci-info: ++++++++++++++++++++++++++++++++++++++Net device info++++++++++++++++++++++++++++++++++++++
Aug 22 22:43:42 ip-172-31-7-134 cloud-init: ci-info: +--------+------+----------------------------+---------------+--------+-------------------+
Aug 22 22:43:42 ip-172-31-7-134 cloud-init: ci-info: | Device |  Up  |          Address           |      Mask     | Scope  |     Hw-Address    |
Aug 22 22:43:42 ip-172-31-7-134 cloud-init: ci-info: +--------+------+----------------------------+---------------+--------+-------------------+
Aug 22 22:43:42 ip-172-31-7-134 cloud-init: ci-info: |  eth0  | True |        172.31.7.134        | 255.255.240.0 | global | 02:c7:37:43:64:93 |
Aug 22 22:43:42 ip-172-31-7-134 cloud-init: ci-info: |  eth0  | True | fe80::c7:37ff:fe43:6493/64 |       .       |  link  | 02:c7:37:43:64:93 |
Aug 22 22:43:42 ip-172-31-7-134 cloud-init: ci-info: |   lo   | True |         127.0.0.1          |   255.0.0.0   |  host  |         .         |
Aug 22 22:43:42 ip-172-31-7-134 cloud-init: ci-info: |   lo   | True |          ::1/128           |       .       |  host  |         .         |
Aug 22 22:43:42 ip-172-31-7-134 cloud-init: ci-info: +--------+------+----------------------------+---------------+--------+-------------------+
Aug 22 22:43:42 ip-172-31-7-134 cloud-init: ci-info: +++++++++++++++++++++++++++++++Route IPv4 info++++++++++++++++++++++++++++++++
Aug 22 22:43:42 ip-172-31-7-134 cloud-init: ci-info: +-------+-----------------+------------+-----------------+-----------+-------+
Aug 22 22:43:42 ip-172-31-7-134 cloud-init: ci-info: | Route |   Destination   |  Gateway   |     Genmask     | Interface | Flags |
Aug 22 22:43:42 ip-172-31-7-134 cloud-init: ci-info: +-------+-----------------+------------+-----------------+-----------+-------+
Aug 22 22:43:42 ip-172-31-7-134 cloud-init: ci-info: |   0   |     0.0.0.0     | 172.31.0.1 |     0.0.0.0     |    eth0   |   UG  |
Aug 22 22:43:42 ip-172-31-7-134 cloud-init: ci-info: |   1   | 169.254.169.254 |  0.0.0.0   | 255.255.255.255 |    eth0   |   UH  |
Aug 22 22:43:42 ip-172-31-7-134 cloud-init: ci-info: |   2   |    172.31.0.0   |  0.0.0.0   |  255.255.240.0  |    eth0   |   U   |
Aug 22 22:43:42 ip-172-31-7-134 cloud-init: ci-info: +-------+-----------------+------------+-----------------+-----------+-------+
Aug 22 22:43:42 ip-172-31-7-134 cloud-init: ci-info: +++++++++++++++++++Route IPv6 info+++++++++++++++++++
Aug 22 22:43:42 ip-172-31-7-134 cloud-init: ci-info: +-------+-------------+---------+-----------+-------+
Aug 22 22:43:42 ip-172-31-7-134 cloud-init: ci-info: | Route | Destination | Gateway | Interface | Flags |
Aug 22 22:43:42 ip-172-31-7-134 cloud-init: ci-info: +-------+-------------+---------+-----------+-------+
Aug 22 22:43:42 ip-172-31-7-134 cloud-init: ci-info: |   9   |  fe80::/64  |    ::   |    eth0   |   U   |
Aug 22 22:43:42 ip-172-31-7-134 cloud-init: ci-info: |   11  |    local    |    ::   |    eth0   |   U   |
Aug 22 22:43:42 ip-172-31-7-134 cloud-init: ci-info: |   12  |   ff00::/8  |    ::   |    eth0   |   U   |
Aug 22 22:43:42 ip-172-31-7-134 cloud-init: ci-info: +-------+-------------+---------+-----------+-------+
Aug 22 22:43:42 ip-172-31-7-134 dhclient[2768]: XMT: Solicit on eth0, interval 1030ms.
Aug 22 22:43:42 ip-172-31-7-134 systemd: Started Postfix Mail Transport Agent.
Aug 22 22:43:42 ip-172-31-7-134 dbus[2487]: [system] Activating via systemd: service name='org.freedesktop.hostname1' unit='dbus-org.freedesktop.hostname1.service'
Aug 22 22:43:42 ip-172-31-7-134 systemd: Starting Hostname Service...
Aug 22 22:43:42 ip-172-31-7-134 dbus[2487]: [system] Successfully activated service 'org.freedesktop.hostname1'
Aug 22 22:43:42 ip-172-31-7-134 systemd-hostnamed: Changed static host name to 'ip-172-31-7-134.ec2.internal'
Aug 22 22:43:42 ip-172-31-7-134 systemd-hostnamed: Changed host name to 'ip-172-31-7-134.ec2.internal'
Aug 22 22:43:42 ip-172-31-7-134 systemd: Started Hostname Service.
Aug 22 22:43:43 ip-172-31-7-134 systemd: Started Initial cloud-init job (metadata service crawler).
Aug 22 22:43:43 ip-172-31-7-134 systemd: Reached target Cloud-config availability.
Aug 22 22:43:43 ip-172-31-7-134 systemd: Starting OpenSSH Server Key Generation...
Aug 22 22:43:43 ip-172-31-7-134 systemd: Starting Permit User Sessions...
Aug 22 22:43:43 ip-172-31-7-134 systemd: Reached target Network is Online.
Aug 22 22:43:43 ip-172-31-7-134 systemd: Starting Apply the settings specified in cloud-config...
Aug 22 22:43:43 ip-172-31-7-134 systemd: Starting Dynamically Generate Message Of The Day...
Aug 22 22:43:43 ip-172-31-7-134 systemd: Starting System Logging Service...
Aug 22 22:43:43 ip-172-31-7-134 systemd: Started amazon-ssm-agent.
Aug 22 22:43:43 ip-172-31-7-134 systemd: Starting Finds and configures elastic network interfaces...
Aug 22 22:43:43 ip-172-31-7-134 systemd: Starting Notify NFS peers of a restart...
Aug 22 22:43:43 ip-172-31-7-134 sm-notify[2966]: Version 1.3.0 starting
Aug 22 22:43:43 ip-172-31-7-134 ec2net: [ec2ifscan] Scanning for unconfigured interfaces
Aug 22 22:43:43 ip-172-31-7-134 systemd: Started Permit User Sessions.
Aug 22 22:43:43 ip-172-31-7-134 systemd: Started Notify NFS peers of a restart.
Aug 22 22:43:43 ip-172-31-7-134 rsyslogd: [origin software="rsyslogd" swVersion="8.24.0-57.amzn2.2.0.1" x-pid="2962" x-info="http://www.rsyslog.com"] start
Aug 22 22:43:43 ip-172-31-7-134 systemd: Started System Logging Service.
Aug 22 22:43:43 ip-172-31-7-134 systemd: Started Finds and configures elastic network interfaces.
Aug 22 22:43:43 ip-172-31-7-134 systemd: Starting Wait for Plymouth Boot Screen to Quit...
Aug 22 22:43:43 ip-172-31-7-134 systemd: Starting Terminate Plymouth Boot Screen...
Aug 22 22:43:43 ip-172-31-7-134 systemd: Started Job spooling tools.
Aug 22 22:43:43 ip-172-31-7-134 systemd: Started Command Scheduler.
Aug 22 22:43:43 ip-172-31-7-134 amazon-ssm-agent: Error occurred fetching the seelog config file path:  open /etc/amazon/ssm/seelog.xml: no such file or directory
Aug 22 22:43:43 ip-172-31-7-134 amazon-ssm-agent: Initializing new seelog logger
Aug 22 22:43:43 ip-172-31-7-134 amazon-ssm-agent: New Seelog Logger Creation Complete
Aug 22 22:43:43 ip-172-31-7-134 systemd: Started Dynamically Generate Message Of The Day.
Aug 22 22:43:43 ip-172-31-7-134 amazon-ssm-agent: 2022-08-22 22:43:43 INFO Proxy environment variables:
Aug 22 22:43:43 ip-172-31-7-134 amazon-ssm-agent: 2022-08-22 22:43:43 INFO https_proxy:
Aug 22 22:43:43 ip-172-31-7-134 dhclient[2768]: XMT: Solicit on eth0, interval 2160ms.
Aug 22 22:43:43 ip-172-31-7-134 amazon-ssm-agent: 2022-08-22 22:43:43 INFO http_proxy:
Aug 22 22:43:43 ip-172-31-7-134 sshd-keygen: Generating SSH2 RSA host key: [  OK  ]
Aug 22 22:43:43 ip-172-31-7-134 sshd-keygen: Generating SSH2 ECDSA host key: [  OK  ]
Aug 22 22:43:43 ip-172-31-7-134 amazon-ssm-agent: 2022-08-22 22:43:43 INFO no_proxy:
Aug 22 22:43:43 ip-172-31-7-134 systemd: Received SIGRTMIN+21 from PID 2331 (plymouthd).
Aug 22 22:43:43 ip-172-31-7-134 sshd-keygen: Generating SSH2 ED25519 host key: [  OK  ]
Aug 22 22:43:43 ip-172-31-7-134 systemd: Started OpenSSH Server Key Generation.
Aug 22 22:43:43 ip-172-31-7-134 systemd: Starting EC2 Instance Connect Host Key Harvesting...
Aug 22 22:43:43 ip-172-31-7-134 systemd: Starting OpenSSH server daemon...
Aug 22 22:43:43 ip-172-31-7-134 systemd: Started OpenSSH server daemon.
Aug 22 22:43:43 ip-172-31-7-134 systemd: Started Terminate Plymouth Boot Screen.
Aug 22 22:43:43 ip-172-31-7-134 systemd: Started Wait for Plymouth Boot Screen to Quit.
Aug 22 22:43:43 ip-172-31-7-134 systemd: Started Getty on tty1.
Aug 22 22:43:43 ip-172-31-7-134 systemd: Started Serial Getty on ttyS0.
Aug 22 22:43:43 ip-172-31-7-134 systemd: Reached target Login Prompts.
Aug 22 22:43:43 ip-172-31-7-134 amazon-ssm-agent: 2022-08-22 22:43:43 INFO Agent will take identity from EC2
Aug 22 22:43:43 ip-172-31-7-134 amazon-ssm-agent: 2022-08-22 22:43:43 INFO [amazon-ssm-agent] using named pipe channel for IPC
Aug 22 22:43:43 ip-172-31-7-134 amazon-ssm-agent: 2022-08-22 22:43:43 INFO [amazon-ssm-agent] using named pipe channel for IPC
Aug 22 22:43:43 ip-172-31-7-134 amazon-ssm-agent: 2022-08-22 22:43:43 INFO [amazon-ssm-agent] using named pipe channel for IPC
Aug 22 22:43:44 ip-172-31-7-134 cloud-init: Cloud-init v. 19.3-45.amzn2 running 'modules:config' at Mon, 22 Aug 2022 22:43:43 +0000. Up 7.88 seconds.
Aug 22 22:43:44 ip-172-31-7-134 systemd: Started EC2 Instance Connect Host Key Harvesting.
Aug 22 22:43:44 ip-172-31-7-134 systemd: Reached target Multi-User System.
Aug 22 22:43:44 ip-172-31-7-134 systemd: Reached target aws-eb.target.
Aug 22 22:43:44 ip-172-31-7-134 systemd: Reached target Graphical Interface.
Aug 22 22:43:44 ip-172-31-7-134 systemd: Starting Update UTMP about System Runlevel Changes...
Aug 22 22:43:44 ip-172-31-7-134 systemd: Started Update UTMP about System Runlevel Changes.
Aug 22 22:43:44 ip-172-31-7-134 systemd: Started Apply the settings specified in cloud-config.
Aug 22 22:43:44 ip-172-31-7-134 systemd: Starting Execute cloud user/final scripts...
Aug 22 22:43:44 ip-172-31-7-134 systemd: Starting Initial hibernation setup job...
Aug 22 22:43:44 ip-172-31-7-134 amazon-ssm-agent: 2022-08-22 22:43:43 INFO [amazon-ssm-agent] amazon-ssm-agent - v3.1.1575.0
Aug 22 22:43:44 ip-172-31-7-134 amazon-ssm-agent: 2022-08-22 22:43:43 INFO [amazon-ssm-agent] OS: linux, Arch: amd64
Aug 22 22:43:44 ip-172-31-7-134 amazon-ssm-agent: 2022-08-22 22:43:43 INFO [CredentialRefresher] Identity does not require credential refresher
Aug 22 22:43:44 ip-172-31-7-134 hibinit-agent: Effective config: {'grub_update': True, 'swap_percentage': 100, 'log_to_syslog': True, 'touch_swap': False, 'state_dir': '/var/lib/hibinit-agent', 'swapoff': 'swapoff {swapfile}', 'mkswap': 'mkswap {swapfile}', 'swapon': 'swapon {swapfile}', 'swap_mb': 4000}
Aug 22 22:43:44 ip-172-31-7-134 hibinit-agent: Requesting new IMDSv2 token.
Aug 22 22:43:44 ip-172-31-7-134 hibinit-agent: Instance Launch has not enabled Hibernation Configured Flag. hibinit-agent exiting!!
Aug 22 22:43:44 ip-172-31-7-134 systemd: Stopping ACPI Event Daemon...
Aug 22 22:43:44 ip-172-31-7-134 acpid: exiting
Aug 22 22:43:44 ip-172-31-7-134 systemd: Stopped ACPI Event Daemon.
Aug 22 22:43:44 ip-172-31-7-134 systemd: Starting ACPI Event Daemon...
Aug 22 22:43:44 ip-172-31-7-134 systemd: Started ACPI Event Daemon.
Aug 22 22:43:44 ip-172-31-7-134 amazon-ssm-agent: 2022-08-22 22:43:44 INFO [amazon-ssm-agent] [LongRunningWorkerContainer] [WorkerProvider] Worker ssm-agent-worker is not running, starting worker process
Aug 22 22:43:44 ip-172-31-7-134 systemd: Started Initial hibernation setup job.
Aug 22 22:43:44 ip-172-31-7-134 acpid: starting up with netlink and the input layer
Aug 22 22:43:44 ip-172-31-7-134 acpid: skipping incomplete file /etc/acpi/events/videoconf
Aug 22 22:43:44 ip-172-31-7-134 acpid: 2 rules loaded
Aug 22 22:43:44 ip-172-31-7-134 acpid: waiting for events: event logging is off
Aug 22 22:43:44 ip-172-31-7-134 amazon-ssm-agent: 2022-08-22 22:43:44 INFO [amazon-ssm-agent] [LongRunningWorkerContainer] [WorkerProvider] Worker ssm-agent-worker (pid:3123) started
Aug 22 22:43:44 ip-172-31-7-134 amazon-ssm-agent: 2022-08-22 22:43:44 INFO [amazon-ssm-agent] [LongRunningWorkerContainer] Monitor long running worker health every 60 seconds
Aug 22 22:43:44 ip-172-31-7-134 cloud-init: Cloud-init v. 19.3-45.amzn2 running 'modules:final' at Mon, 22 Aug 2022 22:43:44 +0000. Up 8.60 seconds.
Aug 22 22:43:44 ip-172-31-7-134 [eb-cfn-init]: [2022-08-22T22:43:44Z] Started EB User Data
Aug 22 22:43:44 ip-172-31-7-134 [eb-cfn-init]: + SLEEP_TIME=10
Aug 22 22:43:44 ip-172-31-7-134 [eb-cfn-init]: + SLEEP_TIME_MAX=3600
Aug 22 22:43:44 ip-172-31-7-134 [eb-cfn-init]: + true
Aug 22 22:43:44 ip-172-31-7-134 [eb-cfn-init]: + curl https://elasticbeanstalk-platform-assets-us-east-1.s3.amazonaws.com/stalks/eb_docker_amazon_linux_2_1.0.2078.0_20220801180405/lib/UserDataScript.sh
Aug 22 22:43:44 ip-172-31-7-134 [eb-cfn-init]:  % Total    % Received % Xferd  Average Speed   Time    Time     Time  Current
Aug 22 22:43:44 ip-172-31-7-134 [eb-cfn-init]:                                 Dload  Upload   Total   Spent    Left  Speed
Aug 22 22:43:44 ip-172-31-7-134 [eb-cfn-init]: #015  0     0    0     0    0     0      0      0 --:--:-- --:--:-- --:--:--     0#015100  4627  100  4627    0     0  73163      0 --:--:-- --:--:-- --:--:-- 73444
Aug 22 22:43:44 ip-172-31-7-134 [eb-cfn-init]: [2022-08-22T22:43:44.776Z] Started EB Bootstrapping Script.
Aug 22 22:43:44 ip-172-31-7-134 [eb-cfn-init]: + RESULT=0
Aug 22 22:43:44 ip-172-31-7-134 [eb-cfn-init]: + [[ 0 -ne 0 ]]
Aug 22 22:43:44 ip-172-31-7-134 [eb-cfn-init]: [2022-08-22T22:43:44.791Z] Received parameters:
Aug 22 22:43:44 ip-172-31-7-134 [eb-cfn-init]: + SLEEP_TIME=2
Aug 22 22:43:44 ip-172-31-7-134 [eb-cfn-init]: + /bin/bash /tmp/ebbootstrap.sh 'https://cloudformation-waitcondition-us-east-1.s3.amazonaws.com/arn%3Aaws%3Acloudformation%3Aus-east-1%3A075433893437%3Astack/awseb-e-zisqamdmht-stack/798c4620-2269-11ed-9e9d-0aaea198d3a5/AWSEBInstanceLaunchWaitHandle?X-Amz-Algorithm=AWS4-HMAC-SHA256&X-Amz-Date=20220822T222640Z&X-Amz-SignedHeaders=host&X-Amz-Expires=86399&X-Amz-Credential=AKIA6L7Q4OWT2GZYHG7N%2F20220822%2Fus-east-1%2Fs3%2Faws4_request&X-Amz-Signature=5053f6d20d14971c5709495eaf201d53cfacddf7e2ec25e40eeb4a2785de2c58' arn:aws:cloudformation:us-east-1:075433893437:stack/awseb-e-zisqamdmht-stack/798c4620-2269-11ed-9e9d-0aaea198d3a5 ff14ee1d-9123-46e9-a660-e1c8df90b654 https://elasticbeanstalk-health.us-east-1.amazonaws.com '' https://elasticbeanstalk-platform-assets-us-east-1.s3.amazonaws.com/stalks/eb_docker_amazon_linux_2_1.0.2078.0_20220801180405 us-east-1
Aug 22 22:43:44 ip-172-31-7-134 [eb-cfn-init]: TARBALLS =
Aug 22 22:43:44 ip-172-31-7-134 [eb-cfn-init]: EB_GEMS =
Aug 22 22:43:44 ip-172-31-7-134 [eb-cfn-init]: SIGNAL_URL = https://cloudformation-waitcondition-us-east-1.s3.amazonaws.com/arn%3Aaws%3Acloudformation%3Aus-east-1%3A075433893437%3Astack/awseb-e-zisqamdmht-stack/798c4620-2269-11ed-9e9d-0aaea198d3a5/AWSEBInstanceLaunchWaitHandle?X-Amz-Algorithm=AWS4-HMAC-SHA256&X-Amz-Date=20220822T222640Z&X-Amz-SignedHeaders=host&X-Amz-Expires=86399&X-Amz-Credential=AKIA6L7Q4OWT2GZYHG7N%2F20220822%2Fus-east-1%2Fs3%2Faws4_request&X-Amz-Signature=5053f6d20d14971c5709495eaf201d53cfacddf7e2ec25e40eeb4a2785de2c58
Aug 22 22:43:44 ip-172-31-7-134 [eb-cfn-init]: STACK_ID = arn:aws:cloudformation:us-east-1:075433893437:stack/awseb-e-zisqamdmht-stack/798c4620-2269-11ed-9e9d-0aaea198d3a5
Aug 22 22:43:44 ip-172-31-7-134 [eb-cfn-init]: REGION = us-east-1
Aug 22 22:43:44 ip-172-31-7-134 [eb-cfn-init]: GUID =
Aug 22 22:43:44 ip-172-31-7-134 [eb-cfn-init]: HEALTHD_GROUP_ID = ff14ee1d-9123-46e9-a660-e1c8df90b654
Aug 22 22:43:44 ip-172-31-7-134 [eb-cfn-init]: HEALTHD_ENDPOINT = https://elasticbeanstalk-health.us-east-1.amazonaws.com
Aug 22 22:43:44 ip-172-31-7-134 [eb-cfn-init]: PROXY_SERVER =
Aug 22 22:43:44 ip-172-31-7-134 [eb-cfn-init]: HEALTHD_PROXY_LOG_LOCATION =
Aug 22 22:43:44 ip-172-31-7-134 [eb-cfn-init]: PLATFORM_ASSETS_URL = https://elasticbeanstalk-platform-assets-us-east-1.s3.amazonaws.com/stalks/eb_docker_amazon_linux_2_1.0.2078.0_20220801180405
Aug 22 22:43:44 ip-172-31-7-134 [eb-cfn-init]: [2022-08-22T22:43:44.870Z] engine url is set to https://elasticbeanstalk-platform-assets-us-east-1.s3.amazonaws.com/stalks/eb_docker_amazon_linux_2_1.0.2078.0_20220801180405/lib/platform-engine.zip
Aug 22 22:43:44 ip-172-31-7-134 [eb-cfn-init]: [2022-08-22T22:43:44.912Z] first init of instance.
Aug 22 22:43:45 ip-172-31-7-134 [eb-cfn-init]: [2022-08-22T22:43:44.928Z] Started executing cfn_init _OnInstanceBoot.
Aug 22 22:43:45 ip-172-31-7-134 [eb-cfn-init]: [2022-08-22T22:43:44.941Z] Running cfn-init ConfigSet: _OnInstanceBoot.
Aug 22 22:43:45 ip-172-31-7-134 [eb-cfn-init]: [2022-08-22T22:43:44.954Z] Using stack-id from userdata
Aug 22 22:43:45 ip-172-31-7-134 dhclient[2768]: XMT: Solicit on eth0, interval 4390ms.
Aug 22 22:43:45 ip-172-31-7-134 [eb-cfn-init]: [2022-08-22T22:43:45.882Z] Command Returned:
Aug 22 22:43:45 ip-172-31-7-134 [eb-cfn-init]: [2022-08-22T22:43:45.892Z] Completed executing cfn_init.
Aug 22 22:43:45 ip-172-31-7-134 [eb-cfn-init]: [2022-08-22T22:43:45.901Z] finished _OnInstanceBoot
Aug 22 22:43:45 ip-172-31-7-134 [eb-cfn-init]: --2022-08-22 22:43:45--  https://elasticbeanstalk-platform-assets-us-east-1.s3.amazonaws.com/stalks/eb_docker_amazon_linux_2_1.0.2078.0_20220801180405/lib/platform-engine.zip
Aug 22 22:43:45 ip-172-31-7-134 [eb-cfn-init]: Resolving elasticbeanstalk-platform-assets-us-east-1.s3.amazonaws.com (elasticbeanstalk-platform-assets-us-east-1.s3.amazonaws.com)... 52.217.73.236
Aug 22 22:43:45 ip-172-31-7-134 [eb-cfn-init]: Connecting to elasticbeanstalk-platform-assets-us-east-1.s3.amazonaws.com (elasticbeanstalk-platform-assets-us-east-1.s3.amazonaws.com)|52.217.73.236|:443... connected.
Aug 22 22:43:45 ip-172-31-7-134 [eb-cfn-init]: HTTP request sent, awaiting response... 200 OK
Aug 22 22:43:45 ip-172-31-7-134 [eb-cfn-init]: Length: 33260873 (32M) [application/zip]
Aug 22 22:43:45 ip-172-31-7-134 [eb-cfn-init]: Saving to: â€˜/tmp/platform-engine.zipâ€™
Aug 22 22:43:46 ip-172-31-7-134 [eb-cfn-init]: 
Aug 22 22:43:46 ip-172-31-7-134 [eb-cfn-init]:     0K .......... .......... .......... .......... ..........  0% 6.21M 5s
Aug 22 22:43:46 ip-172-31-7-134 [eb-cfn-init]:    50K .......... .......... .......... .......... ..........  0% 3.96M 7s
Aug 22 22:43:46 ip-172-31-7-134 [eb-cfn-init]:   100K .......... .......... .......... .......... ..........  0% 15.2M 5s
Aug 22 22:43:46 ip-172-31-7-134 [eb-cfn-init]:   150K .......... .......... .......... .......... ..........  0% 55.7M 4s
Aug 22 22:43:46 ip-172-31-7-134 [eb-cfn-init]:   200K .......... .......... .......... .......... ..........  0% 6.07M 4s
Aug 22 22:43:46 ip-172-31-7-134 [eb-cfn-init]:   250K .......... .......... .......... .......... ..........  0% 5.30M 4s
Aug 22 22:43:46 ip-172-31-7-134 [eb-cfn-init]:   300K .......... .......... .......... .......... ..........  1%  149M 4s
Aug 22 22:43:46 ip-172-31-7-134 [eb-cfn-init]:   350K .......... .......... .......... .......... ..........  1% 5.21M 4s
Aug 22 22:43:46 ip-172-31-7-134 [eb-cfn-init]:   400K .......... .......... .......... .......... ..........  1% 3.48M 5s
Aug 22 22:43:46 ip-172-31-7-134 [eb-cfn-init]:   450K .......... .......... .......... .......... ..........  1% 5.23M 5s
Aug 22 22:43:46 ip-172-31-7-134 [eb-cfn-init]:   500K .......... .......... .......... .......... ..........  1% 5.34M 5s
Aug 22 22:43:46 ip-172-31-7-134 [eb-cfn-init]:   550K .......... .......... .......... .......... ..........  1% 5.08M 5s
Aug 22 22:43:46 ip-172-31-7-134 [eb-cfn-init]:   600K .......... .......... .......... .......... ..........  2%  201M 5s
Aug 22 22:43:46 ip-172-31-7-134 [eb-cfn-init]:   650K .......... .......... .......... .......... ..........  2% 5.31M 5s
Aug 22 22:43:46 ip-172-31-7-134 [eb-cfn-init]:   700K .......... .......... .......... .......... ..........  2% 5.46M 5s
Aug 22 22:43:46 ip-172-31-7-134 [eb-cfn-init]:   750K .......... .......... .......... .......... ..........  2% 5.50M 5s
Aug 22 22:43:46 ip-172-31-7-134 [eb-cfn-init]:   800K .......... .......... .......... .......... ..........  2%  214M 4s
Aug 22 22:43:46 ip-172-31-7-134 [eb-cfn-init]:   850K .......... .......... .......... .......... ..........  2% 88.2M 4s
Aug 22 22:43:46 ip-172-31-7-134 [eb-cfn-init]:   900K .......... .......... .......... .......... ..........  2% 78.7M 4s
Aug 22 22:43:46 ip-172-31-7-134 [eb-cfn-init]:   950K .......... .......... .......... .......... ..........  3% 5.95M 4s
Aug 22 22:43:46 ip-172-31-7-134 [eb-cfn-init]:  1000K .......... .......... .......... .......... ..........  3% 5.51M 4s
Aug 22 22:43:46 ip-172-31-7-134 [eb-cfn-init]:  1050K .......... .......... .......... .......... ..........  3%  216M 4s
Aug 22 22:43:46 ip-172-31-7-134 [eb-cfn-init]:  1100K .......... .......... .......... .......... ..........  3% 4.61M 4s
Aug 22 22:43:46 ip-172-31-7-134 [eb-cfn-init]:  1150K .......... .......... .......... .......... ..........  3%  240M 4s
Aug 22 22:43:46 ip-172-31-7-134 [eb-cfn-init]:  1200K .......... .......... .......... .......... ..........  3% 67.2M 4s
Aug 22 22:43:46 ip-172-31-7-134 [eb-cfn-init]:  1250K .......... .......... .......... .......... ..........  4% 5.58M 4s
Aug 22 22:43:46 ip-172-31-7-134 [eb-cfn-init]:  1300K .......... .......... .......... .......... ..........  4% 6.27M 4s
Aug 22 22:43:46 ip-172-31-7-134 [eb-cfn-init]:  1350K .......... .......... .......... .......... ..........  4%  242M 4s
Aug 22 22:43:46 ip-172-31-7-134 [eb-cfn-init]:  1400K .......... .......... .......... .......... ..........  4%  126M 4s
Aug 22 22:43:46 ip-172-31-7-134 [eb-cfn-init]:  1450K .......... .......... .......... .......... ..........  4% 6.01M 4s
Aug 22 22:43:46 ip-172-31-7-134 [eb-cfn-init]:  1500K .......... .......... .......... .......... ..........  4%  224M 4s
Aug 22 22:43:46 ip-172-31-7-134 [eb-cfn-init]:  1550K .......... .......... .......... .......... ..........  4% 6.05M 4s
Aug 22 22:43:46 ip-172-31-7-134 [eb-cfn-init]:  1600K .......... .......... .......... .......... ..........  5%  224M 3s
Aug 22 22:43:46 ip-172-31-7-134 [eb-cfn-init]:  1650K .......... .......... .......... .......... ..........  5%  111M 3s
Aug 22 22:43:46 ip-172-31-7-134 [eb-cfn-init]:  1700K .......... .......... .......... .......... ..........  5% 5.86M 3s
Aug 22 22:43:46 ip-172-31-7-134 [eb-cfn-init]:  1750K .......... .......... .......... .......... ..........  5%  266M 3s
Aug 22 22:43:46 ip-172-31-7-134 [eb-cfn-init]:  1800K .......... .......... .......... .......... ..........  5% 79.3M 3s
Aug 22 22:43:46 ip-172-31-7-134 [eb-cfn-init]:  1850K .......... .......... .......... .......... ..........  5% 5.26M 3s
Aug 22 22:43:46 ip-172-31-7-134 [eb-cfn-init]:  1900K .......... .......... .......... .......... ..........  6%  236M 3s
Aug 22 22:43:46 ip-172-31-7-134 [eb-cfn-init]:  1950K .......... .......... .......... .......... ..........  6% 4.78M 3s
Aug 22 22:43:46 ip-172-31-7-134 [eb-cfn-init]:  2000K .......... .......... .......... .......... ..........  6%  159M 3s
Aug 22 22:43:46 ip-172-31-7-134 [eb-cfn-init]:  2050K .......... .......... .......... .......... ..........  6% 4.74M 3s
Aug 22 22:43:46 ip-172-31-7-134 [eb-cfn-init]:  2100K .......... .......... .......... .......... ..........  6%  227M 3s
Aug 22 22:43:46 ip-172-31-7-134 [eb-cfn-init]:  2150K .......... .......... .......... .......... ..........  6%  176M 3s
Aug 22 22:43:46 ip-172-31-7-134 [eb-cfn-init]:  2200K .......... .......... .......... .......... ..........  6% 61.8M 3s
Aug 22 22:43:46 ip-172-31-7-134 [eb-cfn-init]:  2250K .......... .......... .......... .......... ..........  7% 4.39M 3s
Aug 22 22:43:46 ip-172-31-7-134 [eb-cfn-init]:  2300K .......... .......... .......... .......... ..........  7%  155M 3s
Aug 22 22:43:46 ip-172-31-7-134 [eb-cfn-init]:  2350K .......... .......... .......... .......... ..........  7% 88.1M 3s
Aug 22 22:43:46 ip-172-31-7-134 [eb-cfn-init]:  2400K .......... .......... .......... .......... ..........  7% 5.51M 3s
Aug 22 22:43:46 ip-172-31-7-134 [eb-cfn-init]:  2450K .......... .......... .......... .......... ..........  7%  219M 3s
Aug 22 22:43:46 ip-172-31-7-134 [eb-cfn-init]:  2500K .......... .......... .......... .......... ..........  7%  166M 3s
Aug 22 22:43:46 ip-172-31-7-134 [eb-cfn-init]:  2550K .......... .......... .......... .......... ..........  8% 63.6M 3s
Aug 22 22:43:46 ip-172-31-7-134 [eb-cfn-init]:  2600K .......... .......... .......... .......... ..........  8% 74.7M 3s
Aug 22 22:43:46 ip-172-31-7-134 [eb-cfn-init]:  2650K .......... .......... .......... .......... ..........  8% 5.86M 3s
Aug 22 22:43:46 ip-172-31-7-134 [eb-cfn-init]:  2700K .......... .......... .......... .......... ..........  8%  144M 3s
Aug 22 22:43:46 ip-172-31-7-134 [eb-cfn-init]:  2750K .......... .......... .......... .......... ..........  8%  206M 3s
Aug 22 22:43:46 ip-172-31-7-134 [eb-cfn-init]:  2800K .......... .......... .......... .......... ..........  8%  155M 3s
Aug 22 22:43:46 ip-172-31-7-134 [eb-cfn-init]:  2850K .......... .......... .......... .......... ..........  8% 60.8M 3s
Aug 22 22:43:46 ip-172-31-7-134 [eb-cfn-init]:  2900K .......... .......... .......... .......... ..........  9% 6.43M 3s
Aug 22 22:43:46 ip-172-31-7-134 [eb-cfn-init]:  2950K .......... .......... .......... .......... ..........  9%  145M 3s
Aug 22 22:43:46 ip-172-31-7-134 [eb-cfn-init]:  3000K .......... .......... .......... .......... ..........  9%  201M 3s
Aug 22 22:43:46 ip-172-31-7-134 chronyd[2501]: Selected source 169.254.169.123
Aug 22 22:43:46 ip-172-31-7-134 [eb-cfn-init]:  3050K .......... .......... .......... .......... ..........  9%  157M 3s
Aug 22 22:43:46 ip-172-31-7-134 [eb-cfn-init]:  3100K .......... .......... .......... .......... ..........  9% 68.7M 2s
Aug 22 22:43:46 ip-172-31-7-134 [eb-cfn-init]:  3150K .......... .......... .......... .......... ..........  9% 46.9M 2s
Aug 22 22:43:46 ip-172-31-7-134 [eb-cfn-init]:  3200K .......... .......... .......... .......... .......... 10% 6.07M 2s
Aug 22 22:43:46 ip-172-31-7-134 [eb-cfn-init]:  3250K .......... .......... .......... .......... .......... 10%  135M 2s
Aug 22 22:43:46 ip-172-31-7-134 [eb-cfn-init]:  3300K .......... .......... .......... .......... .......... 10%  166M 2s
Aug 22 22:43:46 ip-172-31-7-134 [eb-cfn-init]:  3350K .......... .......... .......... .......... .......... 10%  201M 2s
Aug 22 22:43:46 ip-172-31-7-134 [eb-cfn-init]:  3400K .......... .......... .......... .......... .......... 10% 80.2M 2s
Aug 22 22:43:46 ip-172-31-7-134 [eb-cfn-init]:  3450K .......... .......... .......... .......... .......... 10% 7.16M 2s
Aug 22 22:43:46 ip-172-31-7-134 [eb-cfn-init]:  3500K .......... .......... .......... .......... .......... 10%  115M 2s
Aug 22 22:43:46 ip-172-31-7-134 [eb-cfn-init]:  3550K .......... .......... .......... .......... .......... 11%  145M 2s
Aug 22 22:43:46 ip-172-31-7-134 [eb-cfn-init]:  3600K .......... .......... .......... .......... .......... 11%  156M 2s
Aug 22 22:43:46 ip-172-31-7-134 [eb-cfn-init]:  3650K .......... .......... .......... .......... .......... 11%  132M 2s
Aug 22 22:43:46 ip-172-31-7-134 [eb-cfn-init]:  3700K .......... .......... .......... .......... .......... 11% 5.00M 2s
Aug 22 22:43:46 ip-172-31-7-134 [eb-cfn-init]:  3750K .......... .......... .......... .......... .......... 11%  219M 2s
Aug 22 22:43:46 ip-172-31-7-134 [eb-cfn-init]:  3800K .......... .......... .......... .......... .......... 11% 57.6M 2s
Aug 22 22:43:46 ip-172-31-7-134 [eb-cfn-init]:  3850K .......... .......... .......... .......... .......... 12% 68.9M 2s
Aug 22 22:43:46 ip-172-31-7-134 [eb-cfn-init]:  3900K .......... .......... .......... .......... .......... 12% 75.4M 2s
Aug 22 22:43:46 ip-172-31-7-134 [eb-cfn-init]:  3950K .......... .......... .......... .......... .......... 12% 56.5M 2s
Aug 22 22:43:46 ip-172-31-7-134 [eb-cfn-init]:  4000K .......... .......... .......... .......... .......... 12% 67.1M 2s
Aug 22 22:43:46 ip-172-31-7-134 [eb-cfn-init]:  4050K .......... .......... .......... .......... .......... 12% 71.2M 2s
Aug 22 22:43:46 ip-172-31-7-134 [eb-cfn-init]:  4100K .......... .......... .......... .......... .......... 12% 67.5M 2s
Aug 22 22:43:46 ip-172-31-7-134 [eb-cfn-init]:  4150K .......... .......... .......... .......... .......... 12% 63.5M 2s
Aug 22 22:43:46 ip-172-31-7-134 [eb-cfn-init]:  4200K .......... .......... .......... .......... .......... 13% 49.9M 2s
Aug 22 22:43:46 ip-172-31-7-134 [eb-cfn-init]:  4250K .......... .......... .......... .......... .......... 13%  141M 2s
Aug 22 22:43:46 ip-172-31-7-134 [eb-cfn-init]:  4300K .......... .......... .......... .......... .......... 13% 6.01M 2s
Aug 22 22:43:46 ip-172-31-7-134 [eb-cfn-init]:  4350K .......... .......... .......... .......... .......... 13% 89.2M 2s
Aug 22 22:43:46 ip-172-31-7-134 [eb-cfn-init]:  4400K .......... .......... .......... .......... .......... 13%  232M 2s
Aug 22 22:43:46 ip-172-31-7-134 [eb-cfn-init]:  4450K .......... .......... .......... .......... .......... 13%  151M 2s
Aug 22 22:43:46 ip-172-31-7-134 [eb-cfn-init]:  4500K .......... .......... .......... .......... .......... 14%  154M 2s
Aug 22 22:43:46 ip-172-31-7-134 [eb-cfn-init]:  4550K .......... .......... .......... .......... .......... 14%  162M 2s
Aug 22 22:43:46 ip-172-31-7-134 [eb-cfn-init]:  4600K .......... .......... .......... .......... .......... 14%  164M 2s
Aug 22 22:43:46 ip-172-31-7-134 [eb-cfn-init]:  4650K .......... .......... .......... .......... .......... 14% 5.84M 2s
Aug 22 22:43:47 ip-172-31-7-134 [eb-cfn-init]:  4700K .......... .......... .......... .......... .......... 14% 86.4M 2s
Aug 22 22:43:47 ip-172-31-7-134 [eb-cfn-init]:  4750K .......... .......... .......... .......... .......... 14%  196M 2s
Aug 22 22:43:47 ip-172-31-7-134 [eb-cfn-init]:  4800K .......... .......... .......... .......... .......... 14%  197M 2s
Aug 22 22:43:47 ip-172-31-7-134 [eb-cfn-init]:  4850K .......... .......... .......... .......... .......... 15%  243M 2s
Aug 22 22:43:47 ip-172-31-7-134 [eb-cfn-init]:  4900K .......... .......... .......... .......... .......... 15%  249M 2s
Aug 22 22:43:47 ip-172-31-7-134 [eb-cfn-init]:  4950K .......... .......... .......... .......... .......... 15% 76.8M 2s
Aug 22 22:43:47 ip-172-31-7-134 [eb-cfn-init]:  5000K .......... .......... .......... .......... .......... 15% 48.6M 2s
Aug 22 22:43:47 ip-172-31-7-134 [eb-cfn-init]:  5050K .......... .......... .......... .......... .......... 15% 5.86M 2s
Aug 22 22:43:47 ip-172-31-7-134 [eb-cfn-init]:  5100K .......... .......... .......... .......... .......... 15%  272M 2s
Aug 22 22:43:47 ip-172-31-7-134 [eb-cfn-init]:  5150K .......... .......... .......... .......... .......... 16%  104M 2s
Aug 22 22:43:47 ip-172-31-7-134 [eb-cfn-init]:  5200K .......... .......... .......... .......... .......... 16%  230M 2s
Aug 22 22:43:47 ip-172-31-7-134 [eb-cfn-init]:  5250K .......... .......... .......... .......... .......... 16%  232M 2s
Aug 22 22:43:47 ip-172-31-7-134 [eb-cfn-init]:  5300K .......... .......... .......... .......... .......... 16%  225M 2s
Aug 22 22:43:47 ip-172-31-7-134 [eb-cfn-init]:  5350K .......... .......... .......... .......... .......... 16%  138M 2s
Aug 22 22:43:47 ip-172-31-7-134 [eb-cfn-init]:  5400K .......... .......... .......... .......... .......... 16% 5.18M 2s
Aug 22 22:43:47 ip-172-31-7-134 [eb-cfn-init]:  5450K .......... .......... .......... .......... .......... 16%  174M 2s
Aug 22 22:43:47 ip-172-31-7-134 [eb-cfn-init]:  5500K .......... .......... .......... .......... .......... 17%  144M 2s
Aug 22 22:43:47 ip-172-31-7-134 [eb-cfn-init]:  5550K .......... .......... .......... .......... .......... 17%  158M 2s
Aug 22 22:43:47 ip-172-31-7-134 [eb-cfn-init]:  5600K .......... .......... .......... .......... .......... 17%  163M 2s
Aug 22 22:43:47 ip-172-31-7-134 [eb-cfn-init]:  5650K .......... .......... .......... .......... .......... 17%  156M 2s
Aug 22 22:43:47 ip-172-31-7-134 [eb-cfn-init]:  5700K .......... .......... .......... .......... .......... 17%  169M 2s
Aug 22 22:43:47 ip-172-31-7-134 [eb-cfn-init]:  5750K .......... .......... .......... .......... .......... 17% 55.1M 2s
Aug 22 22:43:47 ip-172-31-7-134 [eb-cfn-init]:  5800K .......... .......... .......... .......... .......... 18% 5.82M 2s
Aug 22 22:43:47 ip-172-31-7-134 [eb-cfn-init]:  5850K .......... .......... .......... .......... .......... 18%  209M 2s
Aug 22 22:43:47 ip-172-31-7-134 [eb-cfn-init]:  5900K .......... .......... .......... .......... .......... 18% 73.1M 2s
Aug 22 22:43:47 ip-172-31-7-134 [eb-cfn-init]:  5950K .......... .......... .......... .......... .......... 18%  191M 2s
Aug 22 22:43:47 ip-172-31-7-134 [eb-cfn-init]:  6000K .......... .......... .......... .......... .......... 18%  212M 2s
Aug 22 22:43:47 ip-172-31-7-134 [eb-cfn-init]:  6050K .......... .......... .......... .......... .......... 18%  199M 2s
Aug 22 22:43:47 ip-172-31-7-134 [eb-cfn-init]:  6100K .......... .......... .......... .......... .......... 18%  198M 2s
Aug 22 22:43:47 ip-172-31-7-134 [eb-cfn-init]:  6150K .......... .......... .......... .......... .......... 19%  171M 2s
Aug 22 22:43:47 ip-172-31-7-134 [eb-cfn-init]:  6200K .......... .......... .......... .......... .......... 19%  177M 2s
Aug 22 22:43:47 ip-172-31-7-134 [eb-cfn-init]:  6250K .......... .......... .......... .......... .......... 19% 6.38M 2s
Aug 22 22:43:47 ip-172-31-7-134 [eb-cfn-init]:  6300K .......... .......... .......... .......... .......... 19% 94.9M 2s
Aug 22 22:43:47 ip-172-31-7-134 [eb-cfn-init]:  6350K .......... .......... .......... .......... .......... 19%  163M 1s
Aug 22 22:43:47 ip-172-31-7-134 [eb-cfn-init]:  6400K .......... .......... .......... .......... .......... 19%  193M 1s
Aug 22 22:43:47 ip-172-31-7-134 [eb-cfn-init]:  6450K .......... .......... .......... .......... .......... 20% 88.4M 1s
Aug 22 22:43:47 ip-172-31-7-134 [eb-cfn-init]:  6500K .......... .......... .......... .......... .......... 20% 64.0M 1s
Aug 22 22:43:47 ip-172-31-7-134 [eb-cfn-init]:  6550K .......... .......... .......... .......... .......... 20% 70.3M 1s
Aug 22 22:43:47 ip-172-31-7-134 [eb-cfn-init]:  6600K .......... .......... .......... .......... .......... 20% 77.9M 1s
Aug 22 22:43:47 ip-172-31-7-134 [eb-cfn-init]:  6650K .......... .......... .......... .......... .......... 20% 58.4M 1s
Aug 22 22:43:47 ip-172-31-7-134 [eb-cfn-init]:  6700K .......... .......... .......... .......... .......... 20% 5.96M 1s
Aug 22 22:43:47 ip-172-31-7-134 [eb-cfn-init]:  6750K .......... .......... .......... .......... .......... 20% 82.4M 1s
Aug 22 22:43:47 ip-172-31-7-134 [eb-cfn-init]:  6800K .......... .......... .......... .......... .......... 21%  177M 1s
Aug 22 22:43:47 ip-172-31-7-134 [eb-cfn-init]:  6850K .......... .......... .......... .......... .......... 21%  215M 1s
Aug 22 22:43:47 ip-172-31-7-134 [eb-cfn-init]:  6900K .......... .......... .......... .......... .......... 21%  152M 1s
Aug 22 22:43:47 ip-172-31-7-134 [eb-cfn-init]:  6950K .......... .......... .......... .......... .......... 21%  172M 1s
Aug 22 22:43:47 ip-172-31-7-134 [eb-cfn-init]:  7000K .......... .......... .......... .......... .......... 21%  166M 1s
Aug 22 22:43:47 ip-172-31-7-134 [eb-cfn-init]:  7050K .......... .......... .......... .......... .......... 21% 66.0M 1s
Aug 22 22:43:47 ip-172-31-7-134 [eb-cfn-init]:  7100K .......... .......... .......... .......... .......... 22% 7.56M 1s
Aug 22 22:43:47 ip-172-31-7-134 [eb-cfn-init]:  7150K .......... .......... .......... .......... .......... 22% 88.5M 1s
Aug 22 22:43:47 ip-172-31-7-134 [eb-cfn-init]:  7200K .......... .......... .......... .......... .......... 22%  155M 1s
Aug 22 22:43:47 ip-172-31-7-134 [eb-cfn-init]:  7250K .......... .......... .......... .......... .......... 22%  202M 1s
Aug 22 22:43:47 ip-172-31-7-134 [eb-cfn-init]:  7300K .......... .......... .......... .......... .......... 22%  147M 1s
Aug 22 22:43:47 ip-172-31-7-134 [eb-cfn-init]:  7350K .......... .......... .......... .......... .......... 22%  163M 1s
Aug 22 22:43:47 ip-172-31-7-134 [eb-cfn-init]:  7400K .......... .......... .......... .......... .......... 22% 67.2M 1s
Aug 22 22:43:47 ip-172-31-7-134 [eb-cfn-init]:  7450K .......... .......... .......... .......... .......... 23% 6.87M 1s
Aug 22 22:43:47 ip-172-31-7-134 [eb-cfn-init]:  7500K .......... .......... .......... .......... .......... 23% 92.2M 1s
Aug 22 22:43:47 ip-172-31-7-134 [eb-cfn-init]:  7550K .......... .......... .......... .......... .......... 23%  163M 1s
Aug 22 22:43:47 ip-172-31-7-134 [eb-cfn-init]:  7600K .......... .......... .......... .......... .......... 23%  170M 1s
Aug 22 22:43:47 ip-172-31-7-134 [eb-cfn-init]:  7650K .......... .......... .......... .......... .......... 23%  195M 1s
Aug 22 22:43:47 ip-172-31-7-134 [eb-cfn-init]:  7700K .......... .......... .......... .......... .......... 23%  155M 1s
Aug 22 22:43:47 ip-172-31-7-134 [eb-cfn-init]:  7750K .......... .......... .......... .......... .......... 24% 66.8M 1s
Aug 22 22:43:47 ip-172-31-7-134 [eb-cfn-init]:  7800K .......... .......... .......... .......... .......... 24% 6.08M 1s
Aug 22 22:43:47 ip-172-31-7-134 [eb-cfn-init]:  7850K .......... .......... .......... .......... .......... 24%  242M 1s
Aug 22 22:43:47 ip-172-31-7-134 [eb-cfn-init]:  7900K .......... .......... .......... .......... .......... 24% 83.6M 1s
Aug 22 22:43:48 ip-172-31-7-134 [eb-cfn-init]:  7950K .......... .......... .......... .......... .......... 24%  172M 1s
Aug 22 22:43:48 ip-172-31-7-134 [eb-cfn-init]:  8000K .......... .......... .......... .......... .......... 24%  170M 1s
Aug 22 22:43:48 ip-172-31-7-134 [eb-cfn-init]:  8050K .......... .......... .......... .......... .......... 24%  170M 1s
Aug 22 22:43:48 ip-172-31-7-134 [eb-cfn-init]:  8100K .......... .......... .......... .......... .......... 25%  162M 1s
Aug 22 22:43:48 ip-172-31-7-134 [eb-cfn-init]:  8150K .......... .......... .......... .......... .......... 25%  153M 1s
Aug 22 22:43:48 ip-172-31-7-134 [eb-cfn-init]:  8200K .......... .......... .......... .......... .......... 25%  159M 1s
Aug 22 22:43:48 ip-172-31-7-134 [eb-cfn-init]:  8250K .......... .......... .......... .......... .......... 25% 6.53M 1s
Aug 22 22:43:48 ip-172-31-7-134 [eb-cfn-init]:  8300K .......... .......... .......... .......... .......... 25% 84.9M 1s
Aug 22 22:43:48 ip-172-31-7-134 [eb-cfn-init]:  8350K .......... .......... .......... .......... .......... 25%  183M 1s
Aug 22 22:43:48 ip-172-31-7-134 [eb-cfn-init]:  8400K .......... .......... .......... .......... .......... 26%  245M 1s
Aug 22 22:43:48 ip-172-31-7-134 [eb-cfn-init]:  8450K .......... .......... .......... .......... .......... 26%  106M 1s
Aug 22 22:43:48 ip-172-31-7-134 [eb-cfn-init]:  8500K .......... .......... .......... .......... .......... 26% 81.9M 1s
Aug 22 22:43:48 ip-172-31-7-134 [eb-cfn-init]:  8550K .......... .......... .......... .......... .......... 26% 88.8M 1s
Aug 22 22:43:48 ip-172-31-7-134 [eb-cfn-init]:  8600K .......... .......... .......... .......... .......... 26% 67.4M 1s
Aug 22 22:43:48 ip-172-31-7-134 [eb-cfn-init]:  8650K .......... .......... .......... .......... .......... 26% 6.36M 1s
Aug 22 22:43:48 ip-172-31-7-134 [eb-cfn-init]:  8700K .......... .......... .......... .......... .......... 26% 94.0M 1s
Aug 22 22:43:48 ip-172-31-7-134 [eb-cfn-init]:  8750K .......... .......... .......... .......... .......... 27%  137M 1s
Aug 22 22:43:48 ip-172-31-7-134 [eb-cfn-init]:  8800K .......... .......... .......... .......... .......... 27%  183M 1s
Aug 22 22:43:48 ip-172-31-7-134 [eb-cfn-init]:  8850K .......... .......... .......... .......... .......... 27%  140M 1s
Aug 22 22:43:48 ip-172-31-7-134 [eb-cfn-init]:  8900K .......... .......... .......... .......... .......... 27%  155M 1s
Aug 22 22:43:48 ip-172-31-7-134 [eb-cfn-init]:  8950K .......... .......... .......... .......... .......... 27%  195M 1s
Aug 22 22:43:48 ip-172-31-7-134 [eb-cfn-init]:  9000K .......... .......... .......... .......... .......... 27% 61.6M 1s
Aug 22 22:43:48 ip-172-31-7-134 [eb-cfn-init]:  9050K .......... .......... .......... .......... .......... 28% 6.46M 1s
Aug 22 22:43:48 ip-172-31-7-134 [eb-cfn-init]:  9100K .......... .......... .......... .......... .......... 28% 97.2M 1s
Aug 22 22:43:48 ip-172-31-7-134 [eb-cfn-init]:  9150K .......... .......... .......... .......... .......... 28%  144M 1s
Aug 22 22:43:48 ip-172-31-7-134 [eb-cfn-init]:  9200K .......... .......... .......... .......... .......... 28%  156M 1s
Aug 22 22:43:48 ip-172-31-7-134 [eb-cfn-init]:  9250K .......... .......... .......... .......... .......... 28%  176M 1s
Aug 22 22:43:48 ip-172-31-7-134 [eb-cfn-init]:  9300K .......... .......... .......... .......... .......... 28%  194M 1s
Aug 22 22:43:48 ip-172-31-7-134 [eb-cfn-init]:  9350K .......... .......... .......... .......... .......... 28%  217M 1s
Aug 22 22:43:48 ip-172-31-7-134 [eb-cfn-init]:  9400K .......... .......... .......... .......... .......... 29% 7.48M 1s
Aug 22 22:43:48 ip-172-31-7-134 [eb-cfn-init]:  9450K .......... .......... .......... .......... .......... 29%  236M 1s
Aug 22 22:43:48 ip-172-31-7-134 [eb-cfn-init]:  9500K .......... .......... .......... .......... .......... 29% 95.4M 1s
Aug 22 22:43:48 ip-172-31-7-134 [eb-cfn-init]:  9550K .......... .......... .......... .......... .......... 29%  185M 1s
Aug 22 22:43:48 ip-172-31-7-134 [eb-cfn-init]:  9600K .......... .......... .......... .......... .......... 29%  198M 1s
Aug 22 22:43:48 ip-172-31-7-134 [eb-cfn-init]:  9650K .......... .......... .......... .......... .......... 29%  177M 1s
Aug 22 22:43:48 ip-172-31-7-134 [eb-cfn-init]:  9700K .......... .......... .......... .......... .......... 30%  160M 1s
Aug 22 22:43:48 ip-172-31-7-134 [eb-cfn-init]:  9750K .......... .......... .......... .......... .......... 30%  148M 1s
Aug 22 22:43:48 ip-172-31-7-134 [eb-cfn-init]:  9800K .......... .......... .......... .......... .......... 30% 78.7M 1s
Aug 22 22:43:48 ip-172-31-7-134 [eb-cfn-init]:  9850K .......... .......... .......... .......... .......... 30% 6.38M 1s
Aug 22 22:43:48 ip-172-31-7-134 [eb-cfn-init]:  9900K .......... .......... .......... .......... .......... 30%  239M 1s
Aug 22 22:43:48 ip-172-31-7-134 [eb-cfn-init]:  9950K .......... .......... .......... .......... .......... 30% 87.9M 1s
Aug 22 22:43:48 ip-172-31-7-134 [eb-cfn-init]: 10000K .......... .......... .......... .......... .......... 30% 84.3M 1s
Aug 22 22:43:48 ip-172-31-7-134 [eb-cfn-init]: 10050K .......... .......... .......... .......... .......... 31% 61.5M 1s
Aug 22 22:43:48 ip-172-31-7-134 [eb-cfn-init]: 10100K .......... .......... .......... .......... .......... 31% 62.5M 1s
Aug 22 22:43:48 ip-172-31-7-134 [eb-cfn-init]: 10150K .......... .......... .......... .......... .......... 31% 68.1M 1s
Aug 22 22:43:48 ip-172-31-7-134 [eb-cfn-init]: 10200K .......... .......... .......... .......... .......... 31% 70.3M 1s
Aug 22 22:43:48 ip-172-31-7-134 [eb-cfn-init]: 10250K .......... .......... .......... .......... .......... 31% 70.3M 1s
Aug 22 22:43:48 ip-172-31-7-134 [eb-cfn-init]: 10300K .......... .......... .......... .......... .......... 31% 78.1M 1s
Aug 22 22:43:48 ip-172-31-7-134 [eb-cfn-init]: 10350K .......... .......... .......... .......... .......... 32% 69.9M 1s
Aug 22 22:43:48 ip-172-31-7-134 [eb-cfn-init]: 10400K .......... .......... .......... .......... .......... 32% 70.8M 1s
Aug 22 22:43:48 ip-172-31-7-134 [eb-cfn-init]: 10450K .......... .......... .......... .......... .......... 32% 5.71M 1s
Aug 22 22:43:48 ip-172-31-7-134 [eb-cfn-init]: 10500K .......... .......... .......... .......... .......... 32%  235M 1s
Aug 22 22:43:48 ip-172-31-7-134 [eb-cfn-init]: 10550K .......... .......... .......... .......... .......... 32% 87.9M 1s
Aug 22 22:43:48 ip-172-31-7-134 [eb-cfn-init]: 10600K .......... .......... .......... .......... .......... 32%  177M 1s
Aug 22 22:43:48 ip-172-31-7-134 [eb-cfn-init]: 10650K .......... .......... .......... .......... .......... 32%  141M 1s
Aug 22 22:43:48 ip-172-31-7-134 [eb-cfn-init]: 10700K .......... .......... .......... .......... .......... 33% 62.3M 1s
Aug 22 22:43:49 ip-172-31-7-134 [eb-cfn-init]: 10750K .......... .......... .......... .......... .......... 33% 69.4M 1s
Aug 22 22:43:49 ip-172-31-7-134 [eb-cfn-init]: 10800K .......... .......... .......... .......... .......... 33% 78.7M 1s
Aug 22 22:43:49 ip-172-31-7-134 [eb-cfn-init]: 10850K .......... .......... .......... .......... .......... 33% 67.1M 1s
Aug 22 22:43:49 ip-172-31-7-134 [eb-cfn-init]: 10900K .......... .......... .......... .......... .......... 33% 66.7M 1s
Aug 22 22:43:49 ip-172-31-7-134 [eb-cfn-init]: 10950K .......... .......... .......... .......... .......... 33% 76.3M 1s
Aug 22 22:43:49 ip-172-31-7-134 [eb-cfn-init]: 11000K .......... .......... .......... .......... .......... 34% 5.88M 1s
Aug 22 22:43:49 ip-172-31-7-134 [eb-cfn-init]: 11050K .......... .......... .......... .......... .......... 34%  101M 1s
Aug 22 22:43:49 ip-172-31-7-134 [eb-cfn-init]: 11100K .......... .......... .......... .......... .......... 34%  178M 1s
Aug 22 22:43:49 ip-172-31-7-134 [eb-cfn-init]: 11150K .......... .......... .......... .......... .......... 34%  147M 1s
Aug 22 22:43:49 ip-172-31-7-134 [eb-cfn-init]: 11200K .......... .......... .......... .......... .......... 34%  145M 1s
Aug 22 22:43:49 ip-172-31-7-134 [eb-cfn-init]: 11250K .......... .......... .......... .......... .......... 34%  162M 1s
Aug 22 22:43:49 ip-172-31-7-134 [eb-cfn-init]: 11300K .......... .......... .......... .......... .......... 34%  182M 1s
Aug 22 22:43:49 ip-172-31-7-134 [eb-cfn-init]: 11350K .......... .......... .......... .......... .......... 35% 6.18M 1s
Aug 22 22:43:49 ip-172-31-7-134 [eb-cfn-init]: 11400K .......... .......... .......... .......... .......... 35% 91.7M 1s
Aug 22 22:43:49 ip-172-31-7-134 [eb-cfn-init]: 11450K .......... .......... .......... .......... .......... 35%  138M 1s
Aug 22 22:43:49 ip-172-31-7-134 [eb-cfn-init]: 11500K .......... .......... .......... .......... .......... 35%  140M 1s
Aug 22 22:43:49 ip-172-31-7-134 [eb-cfn-init]: 11550K .......... .......... .......... .......... .......... 35%  100M 1s
Aug 22 22:43:49 ip-172-31-7-134 [eb-cfn-init]: 11600K .......... .......... .......... .......... .......... 35% 71.9M 1s
Aug 22 22:43:49 ip-172-31-7-134 [eb-cfn-init]: 11650K .......... .......... .......... .......... .......... 36% 62.7M 1s
Aug 22 22:43:49 ip-172-31-7-134 [eb-cfn-init]: 11700K .......... .......... .......... .......... .......... 36% 73.5M 1s
Aug 22 22:43:49 ip-172-31-7-134 [eb-cfn-init]: 11750K .......... .......... .......... .......... .......... 36% 74.9M 1s
Aug 22 22:43:49 ip-172-31-7-134 [eb-cfn-init]: 11800K .......... .......... .......... .......... .......... 36% 66.1M 1s
Aug 22 22:43:49 ip-172-31-7-134 [eb-cfn-init]: 11850K .......... .......... .......... .......... .......... 36% 44.1M 1s
Aug 22 22:43:49 ip-172-31-7-134 [eb-cfn-init]: 11900K .......... .......... .......... .......... .......... 36%  101M 1s
Aug 22 22:43:49 ip-172-31-7-134 [eb-cfn-init]: 11950K .......... .......... .......... .......... .......... 36% 6.96M 1s
Aug 22 22:43:49 ip-172-31-7-134 [eb-cfn-init]: 12000K .......... .......... .......... .......... .......... 37% 84.9M 1s
Aug 22 22:43:49 ip-172-31-7-134 [eb-cfn-init]: 12050K .......... .......... .......... .......... .......... 37%  180M 1s
Aug 22 22:43:49 ip-172-31-7-134 [eb-cfn-init]: 12100K .......... .......... .......... .......... .......... 37%  199M 1s
Aug 22 22:43:49 ip-172-31-7-134 [eb-cfn-init]: 12150K .......... .......... .......... .......... .......... 37%  195M 1s
Aug 22 22:43:49 ip-172-31-7-134 [eb-cfn-init]: 12200K .......... .......... .......... .......... .......... 37%  207M 1s
Aug 22 22:43:49 ip-172-31-7-134 [eb-cfn-init]: 12250K .......... .......... .......... .......... .......... 37%  204M 1s
Aug 22 22:43:49 ip-172-31-7-134 [eb-cfn-init]: 12300K .......... .......... .......... .......... .......... 38% 6.80M 1s
Aug 22 22:43:49 ip-172-31-7-134 [eb-cfn-init]: 12350K .......... .......... .......... .......... .......... 38%  279M 1s
Aug 22 22:43:49 ip-172-31-7-134 [eb-cfn-init]: 12400K .......... .......... .......... .......... .......... 38%  102M 1s
Aug 22 22:43:49 ip-172-31-7-134 [eb-cfn-init]: 12450K .......... .......... .......... .......... .......... 38%  196M 1s
Aug 22 22:43:49 ip-172-31-7-134 [eb-cfn-init]: 12500K .......... .......... .......... .......... .......... 38%  173M 1s
Aug 22 22:43:49 ip-172-31-7-134 [eb-cfn-init]: 12550K .......... .......... .......... .......... .......... 38%  207M 1s
Aug 22 22:43:49 ip-172-31-7-134 [eb-cfn-init]: 12600K .......... .......... .......... .......... .......... 38%  171M 1s
Aug 22 22:43:49 ip-172-31-7-134 [eb-cfn-init]: 12650K .......... .......... .......... .......... .......... 39% 57.8M 1s
Aug 22 22:43:49 ip-172-31-7-134 [eb-cfn-init]: 12700K .......... .......... .......... .......... .......... 39% 7.64M 1s
Aug 22 22:43:49 ip-172-31-7-134 [eb-cfn-init]: 12750K .......... .......... .......... .......... .......... 39%  105M 1s
Aug 22 22:43:49 ip-172-31-7-134 [eb-cfn-init]: 12800K .......... .......... .......... .......... .......... 39%  217M 1s
Aug 22 22:43:49 ip-172-31-7-134 [eb-cfn-init]: 12850K .......... .......... .......... .......... .......... 39%  250M 1s
Aug 22 22:43:49 ip-172-31-7-134 [eb-cfn-init]: 12900K .......... .......... .......... .......... .......... 39%  197M 1s
Aug 22 22:43:49 ip-172-31-7-134 [eb-cfn-init]: 12950K .......... .......... .......... .......... .......... 40% 6.77M 1s
Aug 22 22:43:49 ip-172-31-7-134 [eb-cfn-init]: 13000K .......... .......... .......... .......... .......... 40%  254M 1s
Aug 22 22:43:49 ip-172-31-7-134 [eb-cfn-init]: 13050K .......... .......... .......... .......... .......... 40% 80.9M 1s
Aug 22 22:43:49 ip-172-31-7-134 [eb-cfn-init]: 13100K .......... .......... .......... .......... .......... 40%  165M 1s
Aug 22 22:43:49 ip-172-31-7-134 [eb-cfn-init]: 13150K .......... .......... .......... .......... .......... 40%  125M 1s
Aug 22 22:43:49 ip-172-31-7-134 [eb-cfn-init]: 13200K .......... .......... .......... .......... .......... 40% 87.0M 1s
Aug 22 22:43:49 ip-172-31-7-134 [eb-cfn-init]: 13250K .......... .......... .......... .......... .......... 40% 65.0M 1s
Aug 22 22:43:49 ip-172-31-7-134 [eb-cfn-init]: 13300K .......... .......... .......... .......... .......... 41% 56.5M 1s
Aug 22 22:43:49 ip-172-31-7-134 [eb-cfn-init]: 13350K .......... .......... .......... .......... .......... 41% 72.5M 1s
Aug 22 22:43:49 ip-172-31-7-134 [eb-cfn-init]: 13400K .......... .......... .......... .......... .......... 41% 84.1M 1s
Aug 22 22:43:49 ip-172-31-7-134 [eb-cfn-init]: 13450K .......... .......... .......... .......... .......... 41% 67.7M 1s
Aug 22 22:43:49 ip-172-31-7-134 [eb-cfn-init]: 13500K .......... .......... .......... .......... .......... 41% 50.1M 1s
Aug 22 22:43:49 ip-172-31-7-134 [eb-cfn-init]: 13550K .......... .......... .......... .......... .......... 41% 67.9M 1s
Aug 22 22:43:49 ip-172-31-7-134 [eb-cfn-init]: 13600K .......... .......... .......... .......... .......... 42% 63.5M 1s
Aug 22 22:43:49 ip-172-31-7-134 [eb-cfn-init]: 13650K .......... .......... .......... .......... .......... 42% 69.0M 1s
Aug 22 22:43:49 ip-172-31-7-134 [eb-cfn-init]: 13700K .......... .......... .......... .......... .......... 42% 73.3M 1s
Aug 22 22:43:49 ip-172-31-7-134 [eb-cfn-init]: 13750K .......... .......... .......... .......... .......... 42% 35.2M 1s
Aug 22 22:43:49 ip-172-31-7-134 [eb-cfn-init]: 13800K .......... .......... .......... .......... .......... 42% 6.88M 1s
Aug 22 22:43:49 ip-172-31-7-134 [eb-cfn-init]: 13850K .......... .......... .......... .......... .......... 42%  231M 1s
Aug 22 22:43:49 ip-172-31-7-134 [eb-cfn-init]: 13900K .......... .......... .......... .......... .......... 42% 86.8M 1s
Aug 22 22:43:49 ip-172-31-7-134 [eb-cfn-init]: 13950K .......... .......... .......... .......... .......... 43%  185M 1s
